Archive member included to satisfy reference by file (symbol)

.pio/build/stm32/lib87a/libEEPROM.a(stm32_eeprom.c.o)
                              .pio/build/stm32/src/flashstream.cpp.o (eeprom_buffered_write_byte)
.pio/build/stm32/lib208/libaJson.a(aJSON.cpp.o)
                              .pio/build/stm32/src/main.cpp.o (aJsonClass::deleteItem(aJsonObject*))
.pio/build/stm32/lib208/libaJson.a(stringbuffer.c.o)
                              .pio/build/stm32/lib208/libaJson.a(aJSON.cpp.o) (stringBufferCreate)
.pio/build/stm32/lib0c3/libCmdArduino.a(Cmd.cpp.o)
                              .pio/build/stm32/src/main.cpp.o (cmd_parse(char*))
.pio/build/stm32/lib6ec/libArduinoHttpClient.a(HttpClient.cpp.o)
                              .pio/build/stm32/src/main.cpp.o (HttpClient::HttpClient(Client&, char const*, unsigned short))
.pio/build/stm32/lib6ec/libArduinoHttpClient.a(b64.cpp.o)
                              .pio/build/stm32/lib6ec/libArduinoHttpClient.a(HttpClient.cpp.o) (b64_encode(unsigned char const*, int, unsigned char*, int))
.pio/build/stm32/lib7d9/libPubSubClient.a(PubSubClient.cpp.o)
                              .pio/build/stm32/src/main.cpp.o (PubSubClient::~PubSubClient())
.pio/build/stm32/libfec/libEthernet.a(Ethernet.cpp.o)
                              .pio/build/stm32/src/main.cpp.o (EthernetClass::begin(unsigned char*, unsigned long, unsigned long))
.pio/build/stm32/libfec/libEthernet.a(EthernetClient.cpp.o)
                              .pio/build/stm32/src/main.cpp.o (EthernetClient::connected())
.pio/build/stm32/libfec/libEthernet.a(EthernetUdp.cpp.o)
                              .pio/build/stm32/libfec/libEthernet.a(Ethernet.cpp.o) (vtable for EthernetUDP)
.pio/build/stm32/libfec/libEthernet.a(socket.cpp.o)
                              .pio/build/stm32/libfec/libEthernet.a(Ethernet.cpp.o) (EthernetClass::socketPortRand(unsigned short))
.pio/build/stm32/libfec/libEthernet.a(w5100.cpp.o)
                              .pio/build/stm32/libfec/libEthernet.a(Ethernet.cpp.o) (W5100Class::write(unsigned short, unsigned char const*, unsigned short))
.pio/build/stm32/libfec/libEthernet.a(Dhcp.cpp.o)
                              .pio/build/stm32/libfec/libEthernet.a(Ethernet.cpp.o) (DhcpClass::getLocalIp())
.pio/build/stm32/libfec/libEthernet.a(Dns.cpp.o)
                              .pio/build/stm32/libfec/libEthernet.a(EthernetClient.cpp.o) (DNSClient::begin(IPAddress const&))
.pio/build/stm32/libfec/libEthernet.a(EthernetServer.cpp.o)
                              .pio/build/stm32/libfec/libEthernet.a(socket.cpp.o) (EthernetServer::server_port)
.pio/build/stm32/libf8e/libAdafruit NeoPixel.a(Adafruit_NeoPixel.cpp.o)
                              .pio/build/stm32/src/itemCmd.cpp.o (Adafruit_NeoPixel::~Adafruit_NeoPixel())
.pio/build/stm32/lib062/libWire.a(Wire.cpp.o)
                              .pio/build/stm32/src/utils.cpp.o (TwoWire::end())
.pio/build/stm32/lib062/libWire.a(twi.c.o)
                              .pio/build/stm32/lib062/libWire.a(Wire.cpp.o) (i2c_custom_init)
.pio/build/stm32/libFrameworkArduino.a(HardwareSerial.cpp.o)
                              .pio/build/stm32/lib0c3/libCmdArduino.a(Cmd.cpp.o) (HardwareSerial::available())
.pio/build/stm32/libFrameworkArduino.a(IPAddress.cpp.o)
                              .pio/build/stm32/src/main.cpp.o (IPAddress::IPAddress())
.pio/build/stm32/libFrameworkArduino.a(Print.cpp.o)
                              .pio/build/stm32/src/flashstream.cpp.o (Print::write(unsigned char const*, unsigned int))
.pio/build/stm32/libFrameworkArduino.a(Stream.cpp.o)
                              .pio/build/stm32/lib6ec/libArduinoHttpClient.a(HttpClient.cpp.o) (Stream::timedRead())
.pio/build/stm32/libFrameworkArduino.a(WMath.cpp.o)
                              .pio/build/stm32/libfec/libEthernet.a(Dhcp.cpp.o) (random(long, long))
.pio/build/stm32/libFrameworkArduino.a(WString.cpp.o)
                              .pio/build/stm32/src/config.cpp.o (String::~String())
.pio/build/stm32/libFrameworkArduino.a(abi.cpp.o)
                              .pio/build/stm32/src/abstractch.cpp.o (__cxa_pure_virtual)
.pio/build/stm32/libFrameworkArduino.a(dtostrf.c.o)
                              .pio/build/stm32/libFrameworkArduino.a(WString.cpp.o) (dtostrf)
.pio/build/stm32/libFrameworkArduino.a(hooks.c.o)
                              .pio/build/stm32/src/inputs.cpp.o (yield)
.pio/build/stm32/libFrameworkArduino.a(itoa.c.o)
                              .pio/build/stm32/libFrameworkArduino.a(WString.cpp.o) (ltoa)
.pio/build/stm32/libFrameworkArduino.a(main.cpp.o)
                              /Users/andrey/.platformio/packages/toolchain-gccarmnoneeabi/bin/../lib/gcc/arm-none-eabi/10.3.1/../../../../arm-none-eabi/lib/thumb/v7-m/nofp/crt0.o (main)
.pio/build/stm32/libFrameworkArduino.a(pins_arduino.c.o)
                              .pio/build/stm32/SrcWrapper/src/HardwareTimer.cpp.o (pinNametoDigitalPin)
[...]
Memory Configuration

Name             Origin             Length             Attributes
*default*        0x0000000000000000 0xffffffffffffffff
RAM              0x0000000020000000 0x0000000000005000 xrw
FLASH            0x0000000008000000 0x0000000000020000 xr

Linker script and memory map

                0x0000000020005000                _estack = (ORIGIN (RAM) + LENGTH (RAM))
                0x0000000000000200                _Min_Heap_Size = 0x200
                0x0000000000000400                _Min_Stack_Size = 0x400

.isr_vector     0x0000000008000000      0x10c
                0x0000000008000000                . = ALIGN (0x4)
 *(.isr_vector)
 .isr_vector    0x0000000008000000      0x10c .pio/build/stm32/libFrameworkArduino.a(startup_stm32yyxx.S.o)
                0x0000000008000000                g_pfnVectors
                0x000000000800010c                . = ALIGN (0x4)

.text           0x0000000008000110    0x1a9b0
                0x0000000008000110                . = ALIGN (0x4)
 *(.text)
 .text          0x0000000008000110      0x378 /Users/andrey/.platformio/packages/toolchain-gccarmnoneeabi/bin/../lib/gcc/arm-none-eabi/10.3.1/thumb/v7-m/nofp/libgcc.a(_arm_addsubdf3.o)
                0x0000000008000110                __aeabi_drsub
                0x0000000008000118                __subdf3
                0x0000000008000118                __aeabi_dsub
                0x000000000800011c                __aeabi_dadd
                0x000000000800011c                __adddf3
                0x0000000008000394                __aeabi_ui2d
                0x0000000008000394                __floatunsidf
                0x00000000080003b4                __floatsidf
                0x00000000080003b4                __aeabi_i2d
                0x00000000080003d8                __extendsfdf2
                0x00000000080003d8                __aeabi_f2d
                0x000000000800041c                __aeabi_ul2d
                0x000000000800041c                __floatundidf
                0x000000000800042c                __aeabi_l2d
                0x000000000800042c                __floatdidf
 .text          0x0000000008000488      0x424 /Users/andrey/.platformio/packages/toolchain-gccarmnoneeabi/bin/../lib/gcc/arm-none-eabi/10.3.1/thumb/v7-m/nofp/libgcc.a(_arm_muldivdf3.o)
                0x0000000008000488                __aeabi_dmul
                0x0000000008000488                __muldf3
                0x00000000080006dc                __aeabi_ddiv
                0x00000000080006dc                __divdf3
 .text          0x00000000080008ac      0x110 /Users/andrey/.platformio/packages/toolchain-gccarmnoneeabi/bin/../lib/gcc/arm-none-eabi/10.3.1/thumb/v7-m/nofp/libgcc.a(_arm_cmpdf2.o)
                0x00000000080008ac                __gedf2
                0x00000000080008ac                __gtdf2
                0x00000000080008b4                __ledf2
                0x00000000080008b4                __ltdf2
                0x00000000080008bc                __cmpdf2
                0x00000000080008bc                __eqdf2
                0x00000000080008bc                __nedf2
                0x0000000008000938                __aeabi_cdrcmple
                0x0000000008000948                __aeabi_cdcmple
                0x0000000008000948                __aeabi_cdcmpeq
                0x0000000008000958                __aeabi_dcmpeq
                0x000000000800096c                __aeabi_dcmplt
                0x0000000008000980                __aeabi_dcmple
                0x0000000008000994                __aeabi_dcmpge
                0x00000000080009a8                __aeabi_dcmpgt
 .text          0x00000000080009bc       0x2c /Users/andrey/.platformio/packages/toolchain-gccarmnoneeabi/bin/../lib/gcc/arm-none-eabi/10.3.1/thumb/v7-m/nofp/libgcc.a(_arm_unorddf2.o)
                0x00000000080009bc                __aeabi_dcmpun
                0x00000000080009bc                __unorddf2
 .text          0x00000000080009e8       0x50 /Users/andrey/.platformio/packages/toolchain-gccarmnoneeabi/bin/../lib/gcc/arm-none-eabi/10.3.1/thumb/v7-m/nofp/libgcc.a(_arm_fixdfsi.o)
                0x00000000080009e8                __fixdfsi
                0x00000000080009e8                __aeabi_d2iz
 .text          0x0000000008000a38       0x40 /Users/andrey/.platformio/packages/toolchain-gccarmnoneeabi/bin/../lib/gcc/arm-none-eabi/10.3.1/thumb/v7-m/nofp/libgcc.a(_arm_fixunsdfsi.o)
                0x0000000008000a38                __fixunsdfsi
                0x0000000008000a38                __aeabi_d2uiz
 .text          0x0000000008000a78       0xa0 /Users/andrey/.platformio/packages/toolchain-gccarmnoneeabi/bin/../lib/gcc/arm-none-eabi/10.3.1/thumb/v7-m/nofp/libgcc.a(_arm_truncdfsf2.o)
                0x0000000008000a78                __aeabi_d2f
                0x0000000008000a78                __truncdfsf2
 .text          0x0000000008000b18      0x21c /Users/andrey/.platformio/packages/toolchain-gccarmnoneeabi/bin/../lib/gcc/arm-none-eabi/10.3.1/thumb/v7-m/nofp/libgcc.a(_arm_addsubsf3.o)
                0x0000000008000b18                __aeabi_frsub
                0x0000000008000b20                __aeabi_fsub
                0x0000000008000b20                __subsf3
                0x0000000008000b24                __aeabi_fadd
                0x0000000008000b24                __addsf3
                0x0000000008000c84                __aeabi_ui2f
                0x0000000008000c84                __floatunsisf
                0x0000000008000c8c                __floatsisf
                0x0000000008000c8c                __aeabi_i2f
                0x0000000008000ca8                __aeabi_ul2f
                0x0000000008000ca8                __floatundisf
                0x0000000008000cb8                __aeabi_l2f
                0x0000000008000cb8                __floatdisf
 .text          0x0000000008000d34      0x2a0 /Users/andrey/.platformio/packages/toolchain-gccarmnoneeabi/bin/../lib/gcc/arm-none-eabi/10.3.1/thumb/v7-m/nofp/libgcc.a(_arm_muldivsf3.o)
                0x0000000008000d34                __mulsf3
                0x0000000008000d34                __aeabi_fmul
                0x0000000008000e9c                __divsf3
                0x0000000008000e9c                __aeabi_fdiv
 .text          0x0000000008000fd4       0xec /Users/andrey/.platformio/packages/toolchain-gccarmnoneeabi/bin/../lib/gcc/arm-none-eabi/10.3.1/thumb/v7-m/nofp/libgcc.a(_arm_cmpsf2.o)
                0x0000000008000fd4                __gesf2
                0x0000000008000fd4                __gtsf2
                0x0000000008000fdc                __ltsf2
                0x0000000008000fdc                __lesf2
                0x0000000008000fe4                __nesf2
                0x0000000008000fe4                __eqsf2
                0x0000000008000fe4                __cmpsf2
                0x0000000008001044                __aeabi_cfrcmple
                0x000000000800104c                __aeabi_cfcmpeq
                0x000000000800104c                __aeabi_cfcmple
                0x000000000800105c                __aeabi_fcmpeq
                0x0000000008001070                __aeabi_fcmplt
                0x0000000008001084                __aeabi_fcmple
                0x0000000008001098                __aeabi_fcmpge
                0x00000000080010ac                __aeabi_fcmpgt
 .text          0x00000000080010c0       0x4c /Users/andrey/.platformio/packages/toolchain-gccarmnoneeabi/bin/../lib/gcc/arm-none-eabi/10.3.1/thumb/v7-m/nofp/libgcc.a(_arm_fixsfsi.o)
                0x00000000080010c0                __fixsfsi
                0x00000000080010c0                __aeabi_f2iz
 .text          0x000000000800110c       0x40 /Users/andrey/.platformio/packages/toolchain-gccarmnoneeabi/bin/../lib/gcc/arm-none-eabi/10.3.1/thumb/v7-m/nofp/libgcc.a(_arm_fixunssfsi.o)
                0x000000000800110c                __aeabi_f2uiz
                0x000000000800110c                __fixunssfsi
 .text          0x000000000800114c       0x14 /Users/andrey/.platformio/packages/toolchain-gccarmnoneeabi/bin/../lib/gcc/arm-none-eabi/10.3.1/../../../../arm-none-eabi/lib/thumb/v7-m/nofp/libc_nano.a(lib_a-strcmp.o)
                0x000000000800114c                strcmp
 .text          0x0000000008001160       0x10 /Users/andrey/.platformio/packages/toolchain-gccarmnoneeabi/bin/../lib/gcc/arm-none-eabi/10.3.1/../../../../arm-none-eabi/lib/thumb/v7-m/nofp/libc_nano.a(lib_a-strlen.o)
                0x0000000008001160                strlen
 .text          0x0000000008001170      0x1ac /Users/andrey/.platformio/packages/toolchain-gccarmnoneeabi/bin/../lib/gcc/arm-none-eabi/10.3.1/thumb/v7-m/nofp/libgcc.a(libunwind.o)
                0x0000000008001170                __restore_core_regs
                0x0000000008001170                restore_core_regs
                0x0000000008001188                __gnu_Unwind_Restore_VFP
                0x0000000008001190                __gnu_Unwind_Save_VFP
                0x0000000008001198                __gnu_Unwind_Restore_VFP_D
                0x00000000080011a0                __gnu_Unwind_Save_VFP_D
                0x00000000080011a8                __gnu_Unwind_Restore_VFP_D_16_to_31
                0x00000000080011b0                __gnu_Unwind_Save_VFP_D_16_to_31
                0x00000000080011b8                __gnu_Unwind_Restore_WMMXD
                0x00000000080011fc                __gnu_Unwind_Save_WMMXD
                0x0000000008001240                __gnu_Unwind_Restore_WMMXC
                0x0000000008001254                __gnu_Unwind_Save_WMMXC
                0x0000000008001268                _Unwind_RaiseException
                0x0000000008001268                ___Unwind_RaiseException
                0x000000000800128c                ___Unwind_Resume
                0x000000000800128c                _Unwind_Resume
                0x00000000080012b0                ___Unwind_Resume_or_Rethrow
                0x00000000080012b0                _Unwind_Resume_or_Rethrow
                0x00000000080012d4                _Unwind_ForcedUnwind
                0x00000000080012d4                ___Unwind_ForcedUnwind
                0x00000000080012f8                _Unwind_Backtrace
                0x00000000080012f8                ___Unwind_Backtrace
 *(.text*)
 .text.__do_global_dtors_aux
                0x000000000800131c       0x24 /Users/andrey/.platformio/packages/toolchain-gccarmnoneeabi/bin/../lib/gcc/arm-none-eabi/10.3.1/thumb/v7-m/nofp/crtbegin.o
 .text.frame_dummy
                0x0000000008001340       0x1c /Users/andrey/.platformio/packages/toolchain-gccarmnoneeabi/bin/../lib/gcc/arm-none-eabi/10.3.1/thumb/v7-m/nofp/crtbegin.o
 .text.SystemClock_Config
                0x000000000800135c       0x56 .pio/build/stm32/FrameworkArduinoVariant/generic_clock.c.o
                0x000000000800135c                SystemClock_Config
 .text.HAL_MspInit
                0x00000000080013b2        0x2 .pio/build/stm32/SrcWrapper/src/HAL/stm32yyxx_hal.c.o
                0x00000000080013b2                HAL_MspInit
 .text.HAL_InitTick
                0x00000000080013b4       0x48 .pio/build/stm32/SrcWrapper/src/HAL/stm32yyxx_hal.c.o
                0x00000000080013b4                HAL_InitTick
 .text.HAL_Init
                0x00000000080013fc       0x24 .pio/build/stm32/SrcWrapper/src/HAL/stm32yyxx_hal.c.o
                0x00000000080013fc                HAL_Init
 .text.HAL_IncTick
                0x0000000008001420       0x18 .pio/build/stm32/SrcWrapper/src/HAL/stm32yyxx_hal.c.o
                0x0000000008001420                HAL_IncTick
 .text.HAL_GetTick
                0x0000000008001438        0xc .pio/build/stm32/SrcWrapper/src/HAL/stm32yyxx_hal.c.o
                0x0000000008001438                HAL_GetTick
 .text.HAL_ADC_PollForConversion
                0x0000000008001444      0x158 .pio/build/stm32/SrcWrapper/src/HAL/stm32yyxx_hal_adc.c.o
                0x0000000008001444                HAL_ADC_PollForConversion
 .text.HAL_ADC_GetValue
                0x000000000800159c        0x6 .pio/build/stm32/SrcWrapper/src/HAL/stm32yyxx_hal_adc.c.o
                0x000000000800159c                HAL_ADC_GetValue
 *fill*         0x00000000080015a2        0x2 
 .text.HAL_ADC_ConfigChannel
                0x00000000080015a4       0xfc .pio/build/stm32/SrcWrapper/src/HAL/stm32yyxx_hal_adc.c.o
                0x00000000080015a4                HAL_ADC_ConfigChannel
 .text.HAL_ADC_GetState
                0x00000000080016a0        0x4 .pio/build/stm32/SrcWrapper/src/HAL/stm32yyxx_hal_adc.c.o
                0x00000000080016a0                HAL_ADC_GetState
 .text.ADC_Enable
                0x00000000080016a4       0x78 .pio/build/stm32/SrcWrapper/src/HAL/stm32yyxx_hal_adc.c.o
                0x00000000080016a4                ADC_Enable
 .text.HAL_ADC_Start
                0x000000000800171c       0xc4 .pio/build/stm32/SrcWrapper/src/HAL/stm32yyxx_hal_adc.c.o
                0x000000000800171c                HAL_ADC_Start
 .text.ADC_ConversionStop_Disable
                0x00000000080017e0       0x4c .pio/build/stm32/SrcWrapper/src/HAL/stm32yyxx_hal_adc.c.o
                0x00000000080017e0                ADC_ConversionStop_Disable
 .text.HAL_ADC_Init
                0x000000000800182c       0xfc .pio/build/stm32/SrcWrapper/src/HAL/stm32yyxx_hal_adc.c.o
                0x000000000800182c                HAL_ADC_Init
 .text.HAL_ADC_DeInit
                0x0000000008001928       0xc0 .pio/build/stm32/SrcWrapper/src/HAL/stm32yyxx_hal_adc.c.o
                0x0000000008001928                HAL_ADC_DeInit
 .text.HAL_ADC_Stop
                0x00000000080019e8       0x34 .pio/build/stm32/SrcWrapper/src/HAL/stm32yyxx_hal_adc.c.o
                0x00000000080019e8                HAL_ADC_Stop
 .text.HAL_ADCEx_Calibration_Start
                0x0000000008001a1c       0xe0 .pio/build/stm32/SrcWrapper/src/HAL/stm32yyxx_hal_adc_ex.c.o
                0x0000000008001a1c                HAL_ADCEx_Calibration_Start
 .text.HAL_NVIC_SetPriorityGrouping
                0x0000000008001afc       0x24 .pio/build/stm32/SrcWrapper/src/HAL/stm32yyxx_hal_cortex.c.o
                0x0000000008001afc                HAL_NVIC_SetPriorityGrouping
 .text.HAL_NVIC_SetPriority
                0x0000000008001b20       0x64 .pio/build/stm32/SrcWrapper/src/HAL/stm32yyxx_hal_cortex.c.o
                0x0000000008001b20                HAL_NVIC_SetPriority
 .text.HAL_NVIC_EnableIRQ
                0x0000000008001b84       0x1c .pio/build/stm32/SrcWrapper/src/HAL/stm32yyxx_hal_cortex.c.o
                0x0000000008001b84                HAL_NVIC_EnableIRQ
 .text.HAL_NVIC_DisableIRQ
                0x0000000008001ba0       0x28 .pio/build/stm32/SrcWrapper/src/HAL/stm32yyxx_hal_cortex.c.o
                0x0000000008001ba0                HAL_NVIC_DisableIRQ
 .text.HAL_SYSTICK_Config
                0x0000000008001bc8       0x28 .pio/build/stm32/SrcWrapper/src/HAL/stm32yyxx_hal_cortex.c.o
                0x0000000008001bc8                HAL_SYSTICK_Config
 .text.HAL_NVIC_ClearPendingIRQ
                0x0000000008001bf0       0x20 .pio/build/stm32/SrcWrapper/src/HAL/stm32yyxx_hal_cortex.c.o
                0x0000000008001bf0                HAL_NVIC_ClearPendingIRQ
 .text.HAL_SYSTICK_Callback
                0x0000000008001c10        0x2 .pio/build/stm32/SrcWrapper/src/HAL/stm32yyxx_hal_cortex.c.o
                0x0000000008001c10                HAL_SYSTICK_Callback
 .text.HAL_SYSTICK_IRQHandler
                0x0000000008001c12        0x8 .pio/build/stm32/SrcWrapper/src/HAL/stm32yyxx_hal_cortex.c.o
                0x0000000008001c12                HAL_SYSTICK_IRQHandler
 .text.HAL_CRC_MspInit
                0x0000000008001c1a        0x2 .pio/build/stm32/SrcWrapper/src/HAL/stm32yyxx_hal_crc.c.o
                0x0000000008001c1a                HAL_CRC_MspInit
 .text.HAL_CRC_Init
                0x0000000008001c1c       0x20 .pio/build/stm32/SrcWrapper/src/HAL/stm32yyxx_hal_crc.c.o
                0x0000000008001c1c                HAL_CRC_Init
 .text.HAL_DMA_Abort
                0x0000000008001c3c       0x3c .pio/build/stm32/SrcWrapper/src/HAL/stm32yyxx_hal_dma.c.o
                0x0000000008001c3c                HAL_DMA_Abort
 .text.HAL_DMA_Abort_IT
                0x0000000008001c78       0x8c .pio/build/stm32/SrcWrapper/src/HAL/stm32yyxx_hal_dma.c.o
                0x0000000008001c78                HAL_DMA_Abort_IT
 .text.HAL_DMA_GetState
                0x0000000008001d04        0x6 .pio/build/stm32/SrcWrapper/src/HAL/stm32yyxx_hal_dma.c.o
                0x0000000008001d04                HAL_DMA_GetState
 *fill*         0x0000000008001d0a        0x2 
 .text.FLASH_SetErrorCode
                0x0000000008001d0c       0x50 .pio/build/stm32/SrcWrapper/src/HAL/stm32yyxx_hal_flash.c.o
 .text.HAL_FLASH_Unlock
                0x0000000008001d5c       0x24 .pio/build/stm32/SrcWrapper/src/HAL/stm32yyxx_hal_flash.c.o
                0x0000000008001d5c                HAL_FLASH_Unlock
 .text.HAL_FLASH_Lock
                0x0000000008001d80       0x14 .pio/build/stm32/SrcWrapper/src/HAL/stm32yyxx_hal_flash.c.o
                0x0000000008001d80                HAL_FLASH_Lock
 .text.FLASH_WaitForLastOperation
                0x0000000008001d94       0x54 .pio/build/stm32/SrcWrapper/src/HAL/stm32yyxx_hal_flash.c.o
                0x0000000008001d94                FLASH_WaitForLastOperation
 .text.HAL_FLASH_Program
                0x0000000008001de8       0xa0 .pio/build/stm32/SrcWrapper/src/HAL/stm32yyxx_hal_flash.c.o
                0x0000000008001de8                HAL_FLASH_Program
 .text.FLASH_PageErase
                0x0000000008001e88       0x24 .pio/build/stm32/SrcWrapper/src/HAL/stm32yyxx_hal_flash_ex.c.o
                0x0000000008001e88                FLASH_PageErase
 .text.HAL_FLASHEx_Erase
                0x0000000008001eac       0xa8 .pio/build/stm32/SrcWrapper/src/HAL/stm32yyxx_hal_flash_ex.c.o
                0x0000000008001eac                HAL_FLASHEx_Erase
 .text.HAL_GPIO_EXTI_IRQHandler
                0x0000000008001f54       0x18 .pio/build/stm32/SrcWrapper/src/HAL/stm32yyxx_hal_gpio.c.o
                0x0000000008001f54                HAL_GPIO_EXTI_IRQHandler
 .text.HAL_I2C_Slave_Seq_Transmit_IT
                0x0000000008001f6c       0x76 .pio/build/stm32/SrcWrapper/src/HAL/stm32yyxx_hal_i2c.c.o
                0x0000000008001f6c                HAL_I2C_Slave_Seq_Transmit_IT
 .text.HAL_I2C_Slave_Seq_Receive_IT
                0x0000000008001fe2       0x76 .pio/build/stm32/SrcWrapper/src/HAL/stm32yyxx_hal_i2c.c.o
                0x0000000008001fe2                HAL_I2C_Slave_Seq_Receive_IT
 .text.HAL_I2C_EnableListen_IT
                0x0000000008002058       0x36 .pio/build/stm32/SrcWrapper/src/HAL/stm32yyxx_hal_i2c.c.o
                0x0000000008002058                HAL_I2C_EnableListen_IT
 .text.HAL_I2C_MasterTxCpltCallback
                0x000000000800208e        0x2 .pio/build/stm32/SrcWrapper/src/HAL/stm32yyxx_hal_i2c.c.o
                0x000000000800208e                HAL_I2C_MasterTxCpltCallback
 .text.HAL_I2C_MasterRxCpltCallback
                0x0000000008002090        0x2 .pio/build/stm32/SrcWrapper/src/HAL/stm32yyxx_hal_i2c.c.o
                0x0000000008002090                HAL_I2C_MasterRxCpltCallback
 .text.HAL_I2C_MemTxCpltCallback
                0x0000000008002092        0x2 .pio/build/stm32/SrcWrapper/src/HAL/stm32yyxx_hal_i2c.c.o
                0x0000000008002092                HAL_I2C_MemTxCpltCallback
 .text.I2C_MemoryTransmit_TXE_BTF
                0x0000000008002094       0xa2 .pio/build/stm32/SrcWrapper/src/HAL/stm32yyxx_hal_i2c.c.o
 .text.HAL_I2C_MemRxCpltCallback
                0x0000000008002136        0x2 .pio/build/stm32/SrcWrapper/src/HAL/stm32yyxx_hal_i2c.c.o
                0x0000000008002136                HAL_I2C_MemRxCpltCallback
 .text.HAL_I2C_AbortCpltCallback
                0x0000000008002138        0x2 .pio/build/stm32/SrcWrapper/src/HAL/stm32yyxx_hal_i2c.c.o
                0x0000000008002138                HAL_I2C_AbortCpltCallback
 *fill*         0x000000000800213a        0x2 
 .text.I2C_DMAAbort
                0x000000000800213c       0xc0 .pio/build/stm32/SrcWrapper/src/HAL/stm32yyxx_hal_i2c.c.o
 .text.I2C_ITError
                0x00000000080021fc      0x150 .pio/build/stm32/SrcWrapper/src/HAL/stm32yyxx_hal_i2c.c.o
 .text.HAL_I2C_EV_IRQHandler
                0x000000000800234c      0x878 .pio/build/stm32/SrcWrapper/src/HAL/stm32yyxx_hal_i2c.c.o
                0x000000000800234c                HAL_I2C_EV_IRQHandler
 .text.HAL_I2C_ER_IRQHandler
                0x0000000008002bc4      0x13c .pio/build/stm32/SrcWrapper/src/HAL/stm32yyxx_hal_i2c.c.o
                0x0000000008002bc4                HAL_I2C_ER_IRQHandler
 .text.HAL_RCC_OscConfig
                0x0000000008002d00      0x338 .pio/build/stm32/SrcWrapper/src/HAL/stm32yyxx_hal_rcc.c.o
                0x0000000008002d00                HAL_RCC_OscConfig
 .text.HAL_RCC_GetSysClockFreq
                0x0000000008003038       0x74 .pio/build/stm32/SrcWrapper/src/HAL/stm32yyxx_hal_rcc.c.o
                0x0000000008003038                HAL_RCC_GetSysClockFreq
 .text.HAL_RCC_ClockConfig
                0x00000000080030ac      0x138 .pio/build/stm32/SrcWrapper/src/HAL/stm32yyxx_hal_rcc.c.o
                0x00000000080030ac                HAL_RCC_ClockConfig
 .text.HAL_RCC_GetPCLK1Freq
                0x00000000080031e4       0x20 .pio/build/stm32/SrcWrapper/src/HAL/stm32yyxx_hal_rcc.c.o
                0x00000000080031e4                HAL_RCC_GetPCLK1Freq
 .text.HAL_RCC_GetPCLK2Freq
                0x0000000008003204       0x20 .pio/build/stm32/SrcWrapper/src/HAL/stm32yyxx_hal_rcc.c.o
                0x0000000008003204                HAL_RCC_GetPCLK2Freq
 .text.HAL_RCC_GetClockConfig
                0x0000000008003224       0x3c .pio/build/stm32/SrcWrapper/src/HAL/stm32yyxx_hal_rcc.c.o
                0x0000000008003224                HAL_RCC_GetClockConfig
 .text.HAL_RCCEx_GetPeriphCLKFreq
                0x0000000008003260       0xe4 .pio/build/stm32/SrcWrapper/src/HAL/stm32yyxx_hal_rcc_ex.c.o
                0x0000000008003260                HAL_RCCEx_GetPeriphCLKFreq
 .text.HAL_SPI_MspInit
                0x0000000008003344        0x2 .pio/build/stm32/SrcWrapper/src/HAL/stm32yyxx_hal_spi.c.o
                0x0000000008003344                HAL_SPI_MspInit
 .text.HAL_SPI_Init
                0x0000000008003346       0xb0 .pio/build/stm32/SrcWrapper/src/HAL/stm32yyxx_hal_spi.c.o
                0x0000000008003346                HAL_SPI_Init
 *fill*         0x00000000080033f6        0x2 
 .text.TIM_OC1_SetConfig
                0x00000000080033f8       0x50 .pio/build/stm32/SrcWrapper/src/HAL/stm32yyxx_hal_tim.c.o
 .text.TIM_OC3_SetConfig
                0x0000000008003448       0x54 .pio/build/stm32/SrcWrapper/src/HAL/stm32yyxx_hal_tim.c.o
 .text.TIM_OC4_SetConfig
                0x000000000800349c       0x44 .pio/build/stm32/SrcWrapper/src/HAL/stm32yyxx_hal_tim.c.o
 .text.HAL_TIM_Base_Start
                0x00000000080034e0       0x4c .pio/build/stm32/SrcWrapper/src/HAL/stm32yyxx_hal_tim.c.o
                0x00000000080034e0                HAL_TIM_Base_Start
 .text.HAL_TIM_GenerateEvent
                0x000000000800352c       0x24 .pio/build/stm32/SrcWrapper/src/HAL/stm32yyxx_hal_tim.c.o
                0x000000000800352c                HAL_TIM_GenerateEvent
 .text.HAL_TIM_PWM_PulseFinishedCallback
                0x0000000008003550        0x2 .pio/build/stm32/SrcWrapper/src/HAL/stm32yyxx_hal_tim.c.o
                0x0000000008003550                HAL_TIM_PWM_PulseFinishedCallback
 .text.HAL_TIM_TriggerCallback
                0x0000000008003552        0x2 .pio/build/stm32/SrcWrapper/src/HAL/stm32yyxx_hal_tim.c.o
                0x0000000008003552                HAL_TIM_TriggerCallback
 .text.HAL_TIM_IRQHandler
                0x0000000008003554      0x144 .pio/build/stm32/SrcWrapper/src/HAL/stm32yyxx_hal_tim.c.o
                0x0000000008003554                HAL_TIM_IRQHandler
 .text.TIM_Base_SetConfig
                0x0000000008003698       0x70 .pio/build/stm32/SrcWrapper/src/HAL/stm32yyxx_hal_tim.c.o
                0x0000000008003698                TIM_Base_SetConfig
 .text.HAL_TIM_Base_Init
                0x0000000008003708       0x58 .pio/build/stm32/SrcWrapper/src/HAL/stm32yyxx_hal_tim.c.o
                0x0000000008003708                HAL_TIM_Base_Init
 .text.TIM_OC2_SetConfig
                0x0000000008003760       0x58 .pio/build/stm32/SrcWrapper/src/HAL/stm32yyxx_hal_tim.c.o
                0x0000000008003760                TIM_OC2_SetConfig
 .text.HAL_TIM_OC_ConfigChannel
                0x00000000080037b8       0x4e .pio/build/stm32/SrcWrapper/src/HAL/stm32yyxx_hal_tim.c.o
                0x00000000080037b8                HAL_TIM_OC_ConfigChannel
 .text.HAL_TIM_PWM_ConfigChannel
                0x0000000008003806       0xb6 .pio/build/stm32/SrcWrapper/src/HAL/stm32yyxx_hal_tim.c.o
                0x0000000008003806                HAL_TIM_PWM_ConfigChannel
 .text.TIM_TI1_SetConfig
                0x00000000080038bc       0x54 .pio/build/stm32/SrcWrapper/src/HAL/stm32yyxx_hal_tim.c.o
                0x00000000080038bc                TIM_TI1_SetConfig
 .text.HAL_TIM_IC_ConfigChannel
                0x0000000008003910      0x108 .pio/build/stm32/SrcWrapper/src/HAL/stm32yyxx_hal_tim.c.o
                0x0000000008003910                HAL_TIM_IC_ConfigChannel
 .text.TIM_CCxChannelCmd
                0x0000000008003a18       0x1c .pio/build/stm32/SrcWrapper/src/HAL/stm32yyxx_hal_tim.c.o
                0x0000000008003a18                TIM_CCxChannelCmd
 .text.HAL_TIM_OC_Start
                0x0000000008003a34       0xa4 .pio/build/stm32/SrcWrapper/src/HAL/stm32yyxx_hal_tim.c.o
                0x0000000008003a34                HAL_TIM_OC_Start
 .text.HAL_TIM_PWM_Start
                0x0000000008003ad8        0x4 .pio/build/stm32/SrcWrapper/src/HAL/stm32yyxx_hal_tim.c.o
                0x0000000008003ad8                HAL_TIM_PWM_Start
 .text.HAL_TIM_IC_Start
                0x0000000008003adc       0xbc .pio/build/stm32/SrcWrapper/src/HAL/stm32yyxx_hal_tim.c.o
                0x0000000008003adc                HAL_TIM_IC_Start
 .text.TIM_CCxNChannelCmd
                0x0000000008003b98       0x1c .pio/build/stm32/SrcWrapper/src/HAL/stm32yyxx_hal_tim_ex.c.o
 .text.HAL_TIMEx_OCN_Start
                0x0000000008003bb4       0x98 .pio/build/stm32/SrcWrapper/src/HAL/stm32yyxx_hal_tim_ex.c.o
                0x0000000008003bb4                HAL_TIMEx_OCN_Start
 .text.HAL_TIMEx_PWMN_Start
                0x0000000008003c4c        0x4 .pio/build/stm32/SrcWrapper/src/HAL/stm32yyxx_hal_tim_ex.c.o
                0x0000000008003c4c                HAL_TIMEx_PWMN_Start
 .text.HAL_TIMEx_CommutCallback
                0x0000000008003c50        0x2 .pio/build/stm32/SrcWrapper/src/HAL/stm32yyxx_hal_tim_ex.c.o
                0x0000000008003c50                HAL_TIMEx_CommutCallback
 .text.HAL_TIMEx_BreakCallback
                0x0000000008003c52        0x2 .pio/build/stm32/SrcWrapper/src/HAL/stm32yyxx_hal_tim_ex.c.o
                0x0000000008003c52                HAL_TIMEx_BreakCallback
 .text.UART_EndRxTransfer
                0x0000000008003c54       0x2c .pio/build/stm32/SrcWrapper/src/HAL/stm32yyxx_hal_uart.c.o
 .text.UART_SetConfig
                0x0000000008003c80       0x74 .pio/build/stm32/SrcWrapper/src/HAL/stm32yyxx_hal_uart.c.o
 .text.UART_WaitOnFlagUntilTimeout.constprop.0
                0x0000000008003cf4       0x50 .pio/build/stm32/SrcWrapper/src/HAL/stm32yyxx_hal_uart.c.o
 .text.HAL_UART_MspInit
                0x0000000008003d44        0x2 .pio/build/stm32/SrcWrapper/src/HAL/stm32yyxx_hal_uart.c.o
                0x0000000008003d44                HAL_UART_MspInit
 .text.HAL_UART_Init
                0x0000000008003d46       0x5c .pio/build/stm32/SrcWrapper/src/HAL/stm32yyxx_hal_uart.c.o
                0x0000000008003d46                HAL_UART_Init
 .text.HAL_HalfDuplex_Init
                0x0000000008003da2       0x64 .pio/build/stm32/SrcWrapper/src/HAL/stm32yyxx_hal_uart.c.o
                0x0000000008003da2                HAL_HalfDuplex_Init
 .text.HAL_UART_Transmit
                0x0000000008003e06       0xaa .pio/build/stm32/SrcWrapper/src/HAL/stm32yyxx_hal_uart.c.o
                0x0000000008003e06                HAL_UART_Transmit
 .text.HAL_UART_Transmit_IT
                0x0000000008003eb0       0x3e .pio/build/stm32/SrcWrapper/src/HAL/stm32yyxx_hal_uart.c.o
                0x0000000008003eb0                HAL_UART_Transmit_IT
 .text.UART_DMAAbortOnError
                0x0000000008003eee       0x10 .pio/build/stm32/SrcWrapper/src/HAL/stm32yyxx_hal_uart.c.o
 .text.HAL_UARTEx_RxEventCallback
                0x0000000008003efe        0x2 .pio/build/stm32/SrcWrapper/src/HAL/stm32yyxx_hal_uart.c.o
                0x0000000008003efe                HAL_UARTEx_RxEventCallback
 .text.UART_Receive_IT.part.0.isra.0
                0x0000000008003f00       0x98 .pio/build/stm32/SrcWrapper/src/HAL/stm32yyxx_hal_uart.c.o
 .text.HAL_UART_IRQHandler
                0x0000000008003f98      0x210 .pio/build/stm32/SrcWrapper/src/HAL/stm32yyxx_hal_uart.c.o
                0x0000000008003f98                HAL_UART_IRQHandler
 .text.HAL_HalfDuplex_EnableTransmitter
                0x00000000080041a8       0x30 .pio/build/stm32/SrcWrapper/src/HAL/stm32yyxx_hal_uart.c.o
                0x00000000080041a8                HAL_HalfDuplex_EnableTransmitter
 .text.HAL_HalfDuplex_EnableReceiver
                0x00000000080041d8       0x30 .pio/build/stm32/SrcWrapper/src/HAL/stm32yyxx_hal_uart.c.o
                0x00000000080041d8                HAL_HalfDuplex_EnableReceiver
 .text.HAL_UART_GetState
                0x0000000008004208        0xc .pio/build/stm32/SrcWrapper/src/HAL/stm32yyxx_hal_uart.c.o
                0x0000000008004208                HAL_UART_GetState
 .text.UART_Start_Receive_IT
                0x0000000008004214       0x32 .pio/build/stm32/SrcWrapper/src/HAL/stm32yyxx_hal_uart.c.o
                0x0000000008004214                UART_Start_Receive_IT
 .text.HAL_UART_Receive_IT
                0x0000000008004246       0x30 .pio/build/stm32/SrcWrapper/src/HAL/stm32yyxx_hal_uart.c.o
                0x0000000008004246                HAL_UART_Receive_IT
 .text._ZNSt8functionIFvvEEaSEDn.isra.0
                0x0000000008004276       0x16 .pio/build/stm32/SrcWrapper/src/HardwareTimer.cpp.o
 .text._ZNSt14_Function_baseD2Ev
                0x000000000800428c       0x12 .pio/build/stm32/SrcWrapper/src/HardwareTimer.cpp.o
                0x000000000800428c                std::_Function_base::~_Function_base()
                0x000000000800428c                std::_Function_base::~_Function_base()
 .text._ZN13HardwareTimer10getChannelEm
                0x000000000800429e       0x10 .pio/build/stm32/SrcWrapper/src/HardwareTimer.cpp.o
                0x000000000800429e                HardwareTimer::getChannel(unsigned long)
 *fill*         0x00000000080042ae        0x2 
 .text._ZN13HardwareTimer12getLLChannelEm
                0x00000000080042b0       0x28 .pio/build/stm32/SrcWrapper/src/HardwareTimer.cpp.o
                0x00000000080042b0                HardwareTimer::getLLChannel(unsigned long)
 .text._ZN13HardwareTimer5getITEm
                0x00000000080042d8       0x14 .pio/build/stm32/SrcWrapper/src/HardwareTimer.cpp.o
                0x00000000080042d8                HardwareTimer::getIT(unsigned long)
 .text._ZN13HardwareTimer20getAssociatedChannelEm
                0x00000000080042ec       0x14 .pio/build/stm32/SrcWrapper/src/HardwareTimer.cpp.o
                0x00000000080042ec                HardwareTimer::getAssociatedChannel(unsigned long)
 .text._ZN13HardwareTimer13resumeChannelEm
                0x0000000008004300       0xf4 .pio/build/stm32/SrcWrapper/src/HardwareTimer.cpp.o
                0x0000000008004300                HardwareTimer::resumeChannel(unsigned long)
 .text._ZN13HardwareTimer6resumeEv
                0x00000000080043f4       0x42 .pio/build/stm32/SrcWrapper/src/HardwareTimer.cpp.o
                0x00000000080043f4                HardwareTimer::resume()
 *fill*         0x0000000008004436        0x2 
 .text._ZN13HardwareTimer7setModeEm12TimerModes_t7PinName
                0x0000000008004438      0x164 .pio/build/stm32/SrcWrapper/src/HardwareTimer.cpp.o
                0x0000000008004438                HardwareTimer::setMode(unsigned long, TimerModes_t, PinName)
 .text._ZN13HardwareTimer7getModeEm
                0x000000000800459c       0x10 .pio/build/stm32/SrcWrapper/src/HardwareTimer.cpp.o
                0x000000000800459c                HardwareTimer::getMode(unsigned long)
 .text._ZN13HardwareTimer7refreshEv
                0x00000000080045ac        0x8 .pio/build/stm32/SrcWrapper/src/HardwareTimer.cpp.o
                0x00000000080045ac                HardwareTimer::refresh()
 .text._ZN13HardwareTimer27updateRegistersIfNotRunningEP11TIM_TypeDef
                0x00000000080045b4       0x36 .pio/build/stm32/SrcWrapper/src/HardwareTimer.cpp.o
                0x00000000080045b4                HardwareTimer::updateRegistersIfNotRunning(TIM_TypeDef*)
 *fill*         0x00000000080045ea        0x2 
 .text._Z15get_timer_indexP11TIM_TypeDef
                0x00000000080045ec       0x38 .pio/build/stm32/SrcWrapper/src/HardwareTimer.cpp.o
                0x00000000080045ec                get_timer_index(TIM_TypeDef*)
 .text._ZN13HardwareTimerD2Ev
                0x0000000008004624       0x40 .pio/build/stm32/SrcWrapper/src/HardwareTimer.cpp.o
                0x0000000008004624                HardwareTimer::~HardwareTimer()
                0x0000000008004624                HardwareTimer::~HardwareTimer()
 .text._ZN13HardwareTimer5setupEP11TIM_TypeDef
                0x0000000008004664       0x90 .pio/build/stm32/SrcWrapper/src/HardwareTimer.cpp.o
                0x0000000008004664                HardwareTimer::setup(TIM_TypeDef*)
 .text._ZN13HardwareTimerC2EP11TIM_TypeDef
                0x00000000080046f4       0x20 .pio/build/stm32/SrcWrapper/src/HardwareTimer.cpp.o
                0x00000000080046f4                HardwareTimer::HardwareTimer(TIM_TypeDef*)
                0x00000000080046f4                HardwareTimer::HardwareTimer(TIM_TypeDef*)
 .text._ZN13HardwareTimer15getTimerClkFreqEv
                0x0000000008004714       0x58 .pio/build/stm32/SrcWrapper/src/HardwareTimer.cpp.o
                0x0000000008004714                HardwareTimer::getTimerClkFreq()
 .text._ZN13HardwareTimer11setOverflowEm13TimerFormat_t
                0x000000000800476c       0x4c .pio/build/stm32/SrcWrapper/src/HardwareTimer.cpp.o
                0x000000000800476c                HardwareTimer::setOverflow(unsigned long, TimerFormat_t)
 .text._ZN13HardwareTimer17setCaptureCompareEmm20TimerCompareFormat_t
                0x00000000080047b8       0xb0 .pio/build/stm32/SrcWrapper/src/HardwareTimer.cpp.o
                0x00000000080047b8                HardwareTimer::setCaptureCompare(unsigned long, unsigned long, TimerCompareFormat_t)
 .text.TIM1_UP_IRQHandler
                0x0000000008004868       0x14 .pio/build/stm32/SrcWrapper/src/HardwareTimer.cpp.o
                0x0000000008004868                TIM1_UP_IRQHandler
 .text.TIM1_CC_IRQHandler
                0x000000000800487c        0x4 .pio/build/stm32/SrcWrapper/src/HardwareTimer.cpp.o
                0x000000000800487c                TIM1_CC_IRQHandler
 .text.TIM2_IRQHandler
                0x0000000008004880       0x14 .pio/build/stm32/SrcWrapper/src/HardwareTimer.cpp.o
                0x0000000008004880                TIM2_IRQHandler
 .text.TIM3_IRQHandler
                0x0000000008004894       0x14 .pio/build/stm32/SrcWrapper/src/HardwareTimer.cpp.o
                0x0000000008004894                TIM3_IRQHandler
 .text.TIM4_IRQHandler
                0x00000000080048a8       0x14 .pio/build/stm32/SrcWrapper/src/HardwareTimer.cpp.o
                0x00000000080048a8                TIM4_IRQHandler
 .text._ZNKSt8functionIFvvEEclEv
                0x00000000080048bc       0x12 .pio/build/stm32/SrcWrapper/src/HardwareTimer.cpp.o
                0x00000000080048bc                std::function<void ()>::operator()() const
 .text._ZN13HardwareTimer14updateCallbackEP17TIM_HandleTypeDef
                0x00000000080048ce       0x18 .pio/build/stm32/SrcWrapper/src/HardwareTimer.cpp.o
                0x00000000080048ce                HardwareTimer::updateCallback(TIM_HandleTypeDef*)
 .text.HAL_TIM_PeriodElapsedCallback
                0x00000000080048e6        0x4 .pio/build/stm32/SrcWrapper/src/HardwareTimer.cpp.o
                0x00000000080048e6                HAL_TIM_PeriodElapsedCallback
 .text._ZN13HardwareTimer22captureCompareCallbackEP17TIM_HandleTypeDef
                0x00000000080048ea       0x3e .pio/build/stm32/SrcWrapper/src/HardwareTimer.cpp.o
                0x00000000080048ea                HardwareTimer::captureCompareCallback(TIM_HandleTypeDef*)
 .text.HAL_TIM_OC_DelayElapsedCallback
                0x0000000008004928        0x4 .pio/build/stm32/SrcWrapper/src/HardwareTimer.cpp.o
                0x0000000008004928                HAL_TIM_OC_DelayElapsedCallback
 .text.HAL_TIM_IC_CaptureCallback
                0x000000000800492c        0x4 .pio/build/stm32/SrcWrapper/src/HardwareTimer.cpp.o
                0x000000000800492c                HAL_TIM_IC_CaptureCallback
 .text._Znwj    0x0000000008004930        0x4 .pio/build/stm32/SrcWrapper/src/new.cpp.o
                0x0000000008004930                operator new(unsigned int)
 .text._ZdlPvj  0x0000000008004934        0x4 .pio/build/stm32/SrcWrapper/src/new.cpp.o
                0x0000000008004934                operator delete(void*, unsigned int)
 .text.set_GPIO_Port_Clock
                0x0000000008004938       0xa8 .pio/build/stm32/SrcWrapper/src/stm32/PortNames.c.o
                0x0000000008004938                set_GPIO_Port_Clock
 .text.get_adc_channel
                0x00000000080049e0       0x18 .pio/build/stm32/SrcWrapper/src/stm32/analog.cpp.o
                0x00000000080049e0                get_adc_channel
 .text.get_adc_internal_channel
                0x00000000080049f8       0x1a .pio/build/stm32/SrcWrapper/src/stm32/analog.cpp.o
                0x00000000080049f8                get_adc_internal_channel
 *fill*         0x0000000008004a12        0x2 
 .text.HAL_ADC_MspInit
                0x0000000008004a14       0x64 .pio/build/stm32/SrcWrapper/src/stm32/analog.cpp.o
                0x0000000008004a14                HAL_ADC_MspInit
 .text.HAL_ADC_MspDeInit
                0x0000000008004a78       0x58 .pio/build/stm32/SrcWrapper/src/stm32/analog.cpp.o
                0x0000000008004a78                HAL_ADC_MspDeInit
 .text.adc_read_value
                0x0000000008004ad0      0x100 .pio/build/stm32/SrcWrapper/src/stm32/analog.cpp.o
                0x0000000008004ad0                adc_read_value
 .text.pwm_start
                0x0000000008004bd0       0xa0 .pio/build/stm32/SrcWrapper/src/stm32/analog.cpp.o
                0x0000000008004bd0                pwm_start
 .text.pwm_stop
                0x0000000008004c70       0x5c .pio/build/stm32/SrcWrapper/src/stm32/analog.cpp.o
                0x0000000008004c70                pwm_stop
 .text.getCurrentMicros
                0x0000000008004ccc       0x48 .pio/build/stm32/SrcWrapper/src/stm32/clock.c.o
                0x0000000008004ccc                getCurrentMicros
 .text.getCurrentMillis
                0x0000000008004d14        0x4 .pio/build/stm32/SrcWrapper/src/stm32/clock.c.o
                0x0000000008004d14                getCurrentMillis
 .text.noOsSystickHandler
                0x0000000008004d18        0x2 .pio/build/stm32/SrcWrapper/src/stm32/clock.c.o
                0x0000000008004d18                noOsSystickHandler
                0x0000000008004d18                osSystickHandler
 .text.SysTick_Handler
                0x0000000008004d1a       0x10 .pio/build/stm32/SrcWrapper/src/stm32/clock.c.o
                0x0000000008004d1a                SysTick_Handler
 .text.configHSECapacitorTuning
                0x0000000008004d2a        0x2 .pio/build/stm32/SrcWrapper/src/stm32/clock.c.o
                0x0000000008004d2a                configHSECapacitorTuning
 .text.configIPClock
                0x0000000008004d2c       0x44 .pio/build/stm32/SrcWrapper/src/stm32/clock.c.o
                0x0000000008004d2c                configIPClock
 .text.dwt_init
                0x0000000008004d70       0x3c .pio/build/stm32/SrcWrapper/src/stm32/dwt.c.o
                0x0000000008004d70                dwt_init
 .text.hw_config_init
                0x0000000008004dac       0x24 .pio/build/stm32/SrcWrapper/src/stm32/hw_config.c.o
                0x0000000008004dac                hw_config_init
 .text.HAL_GPIO_EXTI_Callback
                0x0000000008004dd0       0x2c .pio/build/stm32/SrcWrapper/src/stm32/interrupt.cpp.o
                0x0000000008004dd0                HAL_GPIO_EXTI_Callback
 .text.EXTI0_IRQHandler
                0x0000000008004dfc        0x6 .pio/build/stm32/SrcWrapper/src/stm32/interrupt.cpp.o
                0x0000000008004dfc                EXTI0_IRQHandler
 .text.EXTI1_IRQHandler
                0x0000000008004e02        0x6 .pio/build/stm32/SrcWrapper/src/stm32/interrupt.cpp.o
                0x0000000008004e02                EXTI1_IRQHandler
 .text.EXTI2_IRQHandler
                0x0000000008004e08        0x6 .pio/build/stm32/SrcWrapper/src/stm32/interrupt.cpp.o
                0x0000000008004e08                EXTI2_IRQHandler
 .text.EXTI3_IRQHandler
                0x0000000008004e0e        0x6 .pio/build/stm32/SrcWrapper/src/stm32/interrupt.cpp.o
                0x0000000008004e0e                EXTI3_IRQHandler
 .text.EXTI4_IRQHandler
                0x0000000008004e14        0x6 .pio/build/stm32/SrcWrapper/src/stm32/interrupt.cpp.o
                0x0000000008004e14                EXTI4_IRQHandler
 .text.EXTI9_5_IRQHandler
                0x0000000008004e1a       0x16 .pio/build/stm32/SrcWrapper/src/stm32/interrupt.cpp.o
                0x0000000008004e1a                EXTI9_5_IRQHandler
 .text.EXTI15_10_IRQHandler
                0x0000000008004e30       0x18 .pio/build/stm32/SrcWrapper/src/stm32/interrupt.cpp.o
                0x0000000008004e30                EXTI15_10_IRQHandler
 .text.startup._GLOBAL__sub_I__Z22stm32_interrupt_enableP12GPIO_TypeDeftSt8functionIFvvEEm
                0x0000000008004e48       0x88 .pio/build/stm32/SrcWrapper/src/stm32/interrupt.cpp.o
 .text.exit._GLOBAL__sub_D__Z22stm32_interrupt_enableP12GPIO_TypeDeftSt8functionIFvvEEm
                0x0000000008004ed0       0x1c .pio/build/stm32/SrcWrapper/src/stm32/interrupt.cpp.o
 .text.pin_SetF1AFPin
                0x0000000008004eec      0x1f8 .pio/build/stm32/SrcWrapper/src/stm32/pinmap.c.o
 .text.LL_GPIO_SetPinMode
                0x00000000080050e4       0x2e .pio/build/stm32/SrcWrapper/src/stm32/pinmap.c.o
 .text.LL_GPIO_SetPinOutputType
                0x0000000008005112       0x2e .pio/build/stm32/SrcWrapper/src/stm32/pinmap.c.o
 .text.pin_in_pinmap
                0x0000000008005140       0x1e .pio/build/stm32/SrcWrapper/src/stm32/pinmap.c.o
                0x0000000008005140                pin_in_pinmap
 *fill*         0x000000000800515e        0x2 
 .text.pin_function
                0x0000000008005160      0x178 .pio/build/stm32/SrcWrapper/src/stm32/pinmap.c.o
                0x0000000008005160                pin_function
 .text.pinmap_pinout
                0x00000000080052d8       0x1a .pio/build/stm32/SrcWrapper/src/stm32/pinmap.c.o
                0x00000000080052d8                pinmap_pinout
 .text.pinmap_find_peripheral
                0x00000000080052f2       0x16 .pio/build/stm32/SrcWrapper/src/stm32/pinmap.c.o
                0x00000000080052f2                pinmap_find_peripheral
 .text.pinmap_peripheral
                0x0000000008005308        0xc .pio/build/stm32/SrcWrapper/src/stm32/pinmap.c.o
                0x0000000008005308                pinmap_peripheral
 .text.pinmap_find_pin
                0x0000000008005314       0x16 .pio/build/stm32/SrcWrapper/src/stm32/pinmap.c.o
                0x0000000008005314                pinmap_find_pin
 .text.pinmap_pin
                0x000000000800532a        0xc .pio/build/stm32/SrcWrapper/src/stm32/pinmap.c.o
                0x000000000800532a                pinmap_pin
 .text.pinmap_find_function
                0x0000000008005336       0x16 .pio/build/stm32/SrcWrapper/src/stm32/pinmap.c.o
                0x0000000008005336                pinmap_find_function
 .text.pinmap_function
                0x000000000800534c        0xa .pio/build/stm32/SrcWrapper/src/stm32/pinmap.c.o
                0x000000000800534c                pinmap_function
 .text.pinmap_merge_peripheral
                0x0000000008005356       0x14 .pio/build/stm32/SrcWrapper/src/stm32/pinmap.c.o
                0x0000000008005356                pinmap_merge_peripheral
 *fill*         0x000000000800536a        0x2 
 .text.SystemInit
                0x000000000800536c       0x4c .pio/build/stm32/SrcWrapper/src/stm32/system_stm32yyxx.c.o
                0x000000000800536c                SystemInit
 .text.get_timer_obj
                0x00000000080053b8        0x4 .pio/build/stm32/SrcWrapper/src/stm32/timer.c.o
                0x00000000080053b8                get_timer_obj
 .text.enableTimerClock
                0x00000000080053bc       0x88 .pio/build/stm32/SrcWrapper/src/stm32/timer.c.o
                0x00000000080053bc                enableTimerClock
 .text.disableTimerClock
                0x0000000008005444       0x5c .pio/build/stm32/SrcWrapper/src/stm32/timer.c.o
                0x0000000008005444                disableTimerClock
 .text.getTimerUpIrq
                0x00000000080054a0       0x40 .pio/build/stm32/SrcWrapper/src/stm32/timer.c.o
                0x00000000080054a0                getTimerUpIrq
 .text.getTimerCCIrq
                0x00000000080054e0       0x40 .pio/build/stm32/SrcWrapper/src/stm32/timer.c.o
                0x00000000080054e0                getTimerCCIrq
 .text.HAL_TIM_Base_MspInit
                0x0000000008005520       0x4e .pio/build/stm32/SrcWrapper/src/stm32/timer.c.o
                0x0000000008005520                HAL_TIM_Base_MspInit
 *fill*         0x000000000800556e        0x2 
 .text.getTimerClkSrc
                0x0000000008005570       0x30 .pio/build/stm32/SrcWrapper/src/stm32/timer.c.o
                0x0000000008005570                getTimerClkSrc
 .text.getTimerChannel
                0x00000000080055a0       0x20 .pio/build/stm32/SrcWrapper/src/stm32/timer.c.o
                0x00000000080055a0                getTimerChannel
 .text.uart_init.part.0
                0x00000000080055c0      0x1b8 .pio/build/stm32/SrcWrapper/src/stm32/uart.c.o
 .text.uart_init
                0x0000000008005778        0xe .pio/build/stm32/SrcWrapper/src/stm32/uart.c.o
                0x0000000008005778                uart_init
 *fill*         0x0000000008005786        0x2 
 .text.uart_debug_init
                0x0000000008005788       0x3c .pio/build/stm32/SrcWrapper/src/stm32/uart.c.o
                0x0000000008005788                uart_debug_init
 .text.serial_rx_active
                0x00000000080057c4       0x24 .pio/build/stm32/SrcWrapper/src/stm32/uart.c.o
                0x00000000080057c4                serial_rx_active
 .text.serial_tx_active
                0x00000000080057e8       0x24 .pio/build/stm32/SrcWrapper/src/stm32/uart.c.o
                0x00000000080057e8                serial_tx_active
 .text.uart_debug_write
                0x000000000800580c       0xd4 .pio/build/stm32/SrcWrapper/src/stm32/uart.c.o
                0x000000000800580c                uart_debug_write
 .text.uart_getc
                0x00000000080058e0       0x38 .pio/build/stm32/SrcWrapper/src/stm32/uart.c.o
                0x00000000080058e0                uart_getc
 .text.uart_attach_rx_callback
                0x0000000008005918       0x40 .pio/build/stm32/SrcWrapper/src/stm32/uart.c.o
                0x0000000008005918                uart_attach_rx_callback
 .text.uart_attach_tx_callback
                0x0000000008005958       0x40 .pio/build/stm32/SrcWrapper/src/stm32/uart.c.o
                0x0000000008005958                uart_attach_tx_callback
 .text.uart_enable_tx
                0x0000000008005998       0x1c .pio/build/stm32/SrcWrapper/src/stm32/uart.c.o
                0x0000000008005998                uart_enable_tx
 .text.uart_enable_rx
                0x00000000080059b4       0x1c .pio/build/stm32/SrcWrapper/src/stm32/uart.c.o
                0x00000000080059b4                uart_enable_rx
 .text.HAL_UART_RxCpltCallback
                0x00000000080059d0        0x6 .pio/build/stm32/SrcWrapper/src/stm32/uart.c.o
                0x00000000080059d0                HAL_UART_RxCpltCallback
 .text.HAL_UART_TxCpltCallback
                0x00000000080059d6        0x6 .pio/build/stm32/SrcWrapper/src/stm32/uart.c.o
                0x00000000080059d6                HAL_UART_TxCpltCallback
 .text.HAL_UART_ErrorCallback
                0x00000000080059dc       0x7a .pio/build/stm32/SrcWrapper/src/stm32/uart.c.o
                0x00000000080059dc                HAL_UART_ErrorCallback
 *fill*         0x0000000008005a56        0x2 
 .text.USART1_IRQHandler
                0x0000000008005a58       0x18 .pio/build/stm32/SrcWrapper/src/stm32/uart.c.o
                0x0000000008005a58                USART1_IRQHandler
 .text.USART2_IRQHandler
                0x0000000008005a70       0x1c .pio/build/stm32/SrcWrapper/src/stm32/uart.c.o
                0x0000000008005a70                USART2_IRQHandler
 .text.USART3_IRQHandler
                0x0000000008005a8c       0x1c .pio/build/stm32/SrcWrapper/src/stm32/uart.c.o
                0x0000000008005a8c                USART3_IRQHandler
 .text._sbrk    0x0000000008005aa8       0x3c .pio/build/stm32/SrcWrapper/src/syscalls.c.o
                0x0000000008005aa8                _sbrk
 .text._close   0x0000000008005ae4        0x6 .pio/build/stm32/SrcWrapper/src/syscalls.c.o
                0x0000000008005ae4                _close
 .text._fstat   0x0000000008005aea        0xa .pio/build/stm32/SrcWrapper/src/syscalls.c.o
                0x0000000008005aea                _fstat
 .text._isatty  0x0000000008005af4        0x4 .pio/build/stm32/SrcWrapper/src/syscalls.c.o
                0x0000000008005af4                _isatty
 .text._lseek   0x0000000008005af8        0x4 .pio/build/stm32/SrcWrapper/src/syscalls.c.o
                0x0000000008005af8                _lseek
 .text._read    0x0000000008005afc        0x4 .pio/build/stm32/SrcWrapper/src/syscalls.c.o
                0x0000000008005afc                _read
 .text._exit    0x0000000008005b00        0x2 .pio/build/stm32/SrcWrapper/src/syscalls.c.o
                0x0000000008005b00                _exit
 *fill*         0x0000000008005b02        0x2 
 .text._kill    0x0000000008005b04       0x10 .pio/build/stm32/SrcWrapper/src/syscalls.c.o
                0x0000000008005b04                _kill
 .text._getpid  0x0000000008005b14        0x4 .pio/build/stm32/SrcWrapper/src/syscalls.c.o
                0x0000000008005b14                _getpid
 .text._ZN10abstractCh4PollEs
                0x0000000008005b18        0x4 .pio/build/stm32/src/abstractch.cpp.o
                0x0000000008005b18                abstractCh::Poll(short)
 .text._ZN10abstractCh7AnounceEv
                0x0000000008005b1c        0x4 .pio/build/stm32/src/abstractch.cpp.o
                0x0000000008005b1c                abstractCh::Anounce()
 .text._ZN10abstractCh4StopEv
                0x0000000008005b20        0x4 .pio/build/stm32/src/abstractch.cpp.o
                0x0000000008005b20                abstractCh::Stop()
 .text._ZN10abstractCh12publishTopicEPKclS1_
                0x0000000008005b24       0x24 .pio/build/stm32/src/abstractch.cpp.o
                0x0000000008005b24                abstractCh::publishTopic(char const*, long, char const*)
 .text._ZN10abstractCh12publishTopicEPKcfS1_
                0x0000000008005b48       0x24 .pio/build/stm32/src/abstractch.cpp.o
                0x0000000008005b48                abstractCh::publishTopic(char const*, float, char const*)
 .text._ZN10abstractCh12publishTopicEPKcS1_S1_
                0x0000000008005b6c       0x7c .pio/build/stm32/src/abstractch.cpp.o
                0x0000000008005b6c                abstractCh::publishTopic(char const*, char const*, char const*)
 .text.startup._GLOBAL__sub_I__ZN10abstractCh12publishTopicEPKclS1_
                0x0000000008005be8       0x1c .pio/build/stm32/src/abstractch.cpp.o
 .text.startup._GLOBAL__sub_I__ZN10abstractIn7publishElPKc
                0x0000000008005c04       0x1c .pio/build/stm32/src/abstractin.cpp.o
 .text._ZN11abstractOut9isAllowedE7itemCmd
                0x0000000008005c20        0xe .pio/build/stm32/src/abstractout.cpp.o
                0x0000000008005c20                abstractOut::isAllowed(itemCmd)
 .text._ZN11abstractOut11getChanTypeEv
                0x0000000008005c2e        0x4 .pio/build/stm32/src/abstractout.cpp.o
                0x0000000008005c2e                abstractOut::getChanType()
 .text._ZN11abstractOut21getDefaultStorageTypeEv
                0x0000000008005c32        0x4 .pio/build/stm32/src/abstractout.cpp.o
                0x0000000008005c32                abstractOut::getDefaultStorageType()
 .text._ZN11abstractOut6StatusEv
                0x0000000008005c36        0xe .pio/build/stm32/src/abstractout.cpp.o
                0x0000000008005c36                abstractOut::Status()
 .text._ZN11abstractOut9setStatusEh
                0x0000000008005c44       0x12 .pio/build/stm32/src/abstractout.cpp.o
                0x0000000008005c44                abstractOut::setStatus(unsigned char)
 .text._ZN11abstractOut5SetupEv
                0x0000000008005c56        0xe .pio/build/stm32/src/abstractout.cpp.o
                0x0000000008005c56                abstractOut::Setup()
 .text._ZN11abstractOut8isActiveEv
                0x0000000008005c64       0x42 .pio/build/stm32/src/abstractout.cpp.o
                0x0000000008005c64                abstractOut::isActive()
 .text._ZN11abstractOut15getDefaultOnValEv
                0x0000000008005ca6       0x1e .pio/build/stm32/src/abstractout.cpp.o
                0x0000000008005ca6                abstractOut::getDefaultOnVal()
 .text.startup._GLOBAL__sub_I__ZN11abstractOut8isActiveEv
                0x0000000008005cc4       0x1c .pio/build/stm32/src/abstractout.cpp.o
 .text._Z12getBright255h
                0x0000000008005ce0        0x2 .pio/build/stm32/src/bright.cpp.o
                0x0000000008005ce0                getBright255(unsigned char)
 .text._ZN12colorChannel21getDefaultStorageTypeEv
                0x0000000008005ce2       0x1c .pio/build/stm32/src/colorchannel.cpp.o
                0x0000000008005ce2                colorChannel::getDefaultStorageType()
 *fill*         0x0000000008005cfe        0x2 
 .text._ZN12colorChannel4CtrlE7itemCmdPcbb
                0x0000000008005d00      0x10c .pio/build/stm32/src/colorchannel.cpp.o
                0x0000000008005d00                colorChannel::Ctrl(itemCmd, char*, bool, bool)
 .text._ZN12colorChannel14getChannelAddrEs
                0x0000000008005e0c       0x22 .pio/build/stm32/src/colorchannel.cpp.o
                0x0000000008005e0c                colorChannel::getChannelAddr(short)
 *fill*         0x0000000008005e2e        0x2 
 .text.startup._GLOBAL__sub_I__ZN12colorChannel14getChannelAddrEs
                0x0000000008005e30       0x1c .pio/build/stm32/src/colorchannel.cpp.o
 .text._ZN6Stream9readBytesEPhj.isra.0
                0x0000000008005e4c        0x6 .pio/build/stm32/src/config.cpp.o
 .text._ZN12systemConfig10openStreamEc
                0x0000000008005e52        0xa .pio/build/stm32/src/config.cpp.o
                0x0000000008005e52                systemConfig::openStream(char)
 .text._ZN12systemConfig14isValidSysConfEv
                0x0000000008005e5c       0x50 .pio/build/stm32/src/config.cpp.o
                0x0000000008005e5c                systemConfig::isValidSysConf()
 .text._ZN12systemConfig6getMACEv
                0x0000000008005eac       0x5e .pio/build/stm32/src/config.cpp.o
                0x0000000008005eac                systemConfig::getMAC()
 .text._ZN12systemConfig6setMACERA6_h
                0x0000000008005f0a       0x4e .pio/build/stm32/src/config.cpp.o
                0x0000000008005f0a                systemConfig::setMAC(unsigned char (&) [6])
 .text._ZN12systemConfig10getMQTTpwdEPct
                0x0000000008005f58       0x4e .pio/build/stm32/src/config.cpp.o
                0x0000000008005f58                systemConfig::getMQTTpwd(char*, unsigned short)
 .text._ZN12systemConfig10setMQTTpwdEPc
                0x0000000008005fa6       0x56 .pio/build/stm32/src/config.cpp.o
                0x0000000008005fa6                systemConfig::setMQTTpwd(char*)
 .text._ZN12systemConfig9setOTApwdEPc
                0x0000000008005ffc       0x56 .pio/build/stm32/src/config.cpp.o
                0x0000000008005ffc                systemConfig::setOTApwd(char*)
 .text._ZN12systemConfig9getServerEPct
                0x0000000008006052       0x4e .pio/build/stm32/src/config.cpp.o
                0x0000000008006052                systemConfig::getServer(char*, unsigned short)
 .text._ZN12systemConfig9setServerEPc
                0x00000000080060a0       0x56 .pio/build/stm32/src/config.cpp.o
                0x00000000080060a0                systemConfig::setServer(char*)
 .text._ZN12systemConfig5getIPER9IPAddress
                0x00000000080060f6       0x6a .pio/build/stm32/src/config.cpp.o
                0x00000000080060f6                systemConfig::getIP(IPAddress&)
 .text._ZN12systemConfig7getMaskER9IPAddress
                0x0000000008006160       0x6a .pio/build/stm32/src/config.cpp.o
                0x0000000008006160                systemConfig::getMask(IPAddress&)
 .text._ZN12systemConfig6getDNSER9IPAddress
                0x00000000080061ca       0x6a .pio/build/stm32/src/config.cpp.o
                0x00000000080061ca                systemConfig::getDNS(IPAddress&)
 .text._ZN12systemConfig5getGWER9IPAddress
                0x0000000008006234       0x6a .pio/build/stm32/src/config.cpp.o
                0x0000000008006234                systemConfig::getGW(IPAddress&)
 .text._ZN12systemConfig5setIPER9IPAddress
                0x000000000800629e       0x4c .pio/build/stm32/src/config.cpp.o
                0x000000000800629e                systemConfig::setIP(IPAddress&)
 .text._ZN12systemConfig7setMaskER9IPAddress
                0x00000000080062ea       0x4c .pio/build/stm32/src/config.cpp.o
                0x00000000080062ea                systemConfig::setMask(IPAddress&)
 .text._ZN12systemConfig6setDNSER9IPAddress
                0x0000000008006336       0x4c .pio/build/stm32/src/config.cpp.o
                0x0000000008006336                systemConfig::setDNS(IPAddress&)
 .text._ZN12systemConfig5setGWER9IPAddress
                0x0000000008006382       0x4c .pio/build/stm32/src/config.cpp.o
                0x0000000008006382                systemConfig::setGW(IPAddress&)
 .text._ZN12systemConfig14getConfigFlagsEv
                0x00000000080063ce       0x60 .pio/build/stm32/src/config.cpp.o
                0x00000000080063ce                systemConfig::getConfigFlags()
 .text._ZN12systemConfig14setConfigFlagsE17systemConfigFlags
                0x000000000800642e       0x4a .pio/build/stm32/src/config.cpp.o
                0x000000000800642e                systemConfig::setConfigFlags(systemConfigFlags)
 .text._ZN12systemConfig19getSaveSuccedConfigEv
                0x0000000008006478       0x12 .pio/build/stm32/src/config.cpp.o
                0x0000000008006478                systemConfig::getSaveSuccedConfig()
 .text._ZN12systemConfig19setSaveSuccedConfigEb
                0x000000000800648a       0x28 .pio/build/stm32/src/config.cpp.o
                0x000000000800648a                systemConfig::setSaveSuccedConfig(bool)
 .text._ZN12systemConfig15getDHCPfallbackEv
                0x00000000080064b2       0x10 .pio/build/stm32/src/config.cpp.o
                0x00000000080064b2                systemConfig::getDHCPfallback()
 .text._ZN12systemConfig15setDHCPfallbackEb
                0x00000000080064c2       0x26 .pio/build/stm32/src/config.cpp.o
                0x00000000080064c2                systemConfig::setDHCPfallback(bool)
 .text._ZN12systemConfig17getLoadHTTPConfigEv
                0x00000000080064e8       0x14 .pio/build/stm32/src/config.cpp.o
                0x00000000080064e8                systemConfig::getLoadHTTPConfig()
 .text._ZN12systemConfig17setLoadHTTPConfigEb
                0x00000000080064fc       0x28 .pio/build/stm32/src/config.cpp.o
                0x00000000080064fc                systemConfig::setLoadHTTPConfig(bool)
 .text._ZN12systemConfig19setSerialDebuglevelEs
                0x0000000008006524       0x24 .pio/build/stm32/src/config.cpp.o
                0x0000000008006524                systemConfig::setSerialDebuglevel(short)
 .text._ZN12systemConfig16setUdpDebuglevelEs
                0x0000000008006548       0x24 .pio/build/stm32/src/config.cpp.o
                0x0000000008006548                systemConfig::setUdpDebuglevel(short)
 .text._ZN12systemConfig19getSerialDebuglevelEv
                0x000000000800656c       0x10 .pio/build/stm32/src/config.cpp.o
                0x000000000800656c                systemConfig::getSerialDebuglevel()
 .text._ZN12systemConfig16getUdpDebuglevelEv
                0x000000000800657c       0x10 .pio/build/stm32/src/config.cpp.o
                0x000000000800657c                systemConfig::getUdpDebuglevel()
 .text._ZN12systemConfig7getETAGEv
                0x000000000800658c       0x88 .pio/build/stm32/src/config.cpp.o
                0x000000000800658c                systemConfig::getETAG()
 .text._ZN12systemConfig7setETAGE6String
                0x0000000008006614       0x7c .pio/build/stm32/src/config.cpp.o
                0x0000000008006614                systemConfig::setETAG(String)
 .text._ZN12systemConfig5clearEv
                0x0000000008006690       0x8c .pio/build/stm32/src/config.cpp.o
                0x0000000008006690                systemConfig::clear()
 .text._ZN12systemConfig8saveETAGEv
                0x000000000800671c       0x84 .pio/build/stm32/src/config.cpp.o
                0x000000000800671c                systemConfig::saveETAG()
 .text._ZN12systemConfig8loadETAGEv
                0x00000000080067a0       0x84 .pio/build/stm32/src/config.cpp.o
                0x00000000080067a0                systemConfig::loadETAG()
 .text.startup._GLOBAL__sub_I__ZN12systemConfig12getMACStringEv
                0x0000000008006824       0x1c .pio/build/stm32/src/config.cpp.o
 .text.startup._GLOBAL__sub_I_DMXin
                0x0000000008006840       0x1c .pio/build/stm32/src/dmx.cpp.o
 .text._ZN5Print17availableForWriteEv
                0x000000000800685c        0x4 .pio/build/stm32/src/flashstream.cpp.o
                0x000000000800685c                Print::availableForWrite()
 .text._ZN14seekableStream16checkPermissionsEc
                0x0000000008006860        0x4 .pio/build/stm32/src/flashstream.cpp.o
                0x0000000008006860                seekableStream::checkPermissions(char)
 .text._ZN14seekableStream14getContentTypeEv
                0x0000000008006864        0x4 .pio/build/stm32/src/flashstream.cpp.o
                0x0000000008006864                seekableStream::getContentType()
 .text._ZN11flashStream4seekEj
                0x0000000008006868        0xe .pio/build/stm32/src/flashstream.cpp.o
                0x0000000008006868                flashStream::seek(unsigned int)
 .text._ZN11flashStream9availableEv
                0x0000000008006876       0x24 .pio/build/stm32/src/flashstream.cpp.o
                0x0000000008006876                flashStream::available()
 .text._ZN11flashStream4readEv
                0x000000000800689a       0x12 .pio/build/stm32/src/flashstream.cpp.o
                0x000000000800689a                flashStream::read()
 .text._ZN11flashStream4peekEv
                0x00000000080068ac       0x1a .pio/build/stm32/src/flashstream.cpp.o
                0x00000000080068ac                flashStream::peek()
 .text._ZN11flashStream5flushEv
                0x00000000080068c6        0x4 .pio/build/stm32/src/flashstream.cpp.o
                0x00000000080068c6                flashStream::flush()
 .text._ZN14seekableStream6putEOFEv
                0x00000000080068ca        0xe .pio/build/stm32/src/flashstream.cpp.o
                0x00000000080068ca                seekableStream::putEOF()
 .text._ZN11flashStream5writeEh
                0x00000000080068d8       0x38 .pio/build/stm32/src/flashstream.cpp.o
                0x00000000080068d8                flashStream::write(unsigned char)
 .text._ZN11flashStream5closeEv
                0x0000000008006910       0x2c .pio/build/stm32/src/flashstream.cpp.o
                0x0000000008006910                flashStream::close()
 .text._ZN11flashStream4openE6Stringc
                0x000000000800693c       0x84 .pio/build/stm32/src/flashstream.cpp.o
                0x000000000800693c                flashStream::open(String, char)
 .text._ZN11flashStream4openEsc
                0x00000000080069c0       0x3c .pio/build/stm32/src/flashstream.cpp.o
                0x00000000080069c0                flashStream::open(short, char)
 .text.startup._GLOBAL__sub_I__ZN11flashStream7setSizeEj
                0x00000000080069fc       0x1c .pio/build/stm32/src/flashstream.cpp.o
 .text._ZN5Input5ParseEP11aJsonObject
                0x0000000008006a18       0xd0 .pio/build/stm32/src/inputs.cpp.o
                0x0000000008006a18                Input::Parse(aJsonObject*)
 .text._ZN5InputC2EP11aJsonObjectS1_
                0x0000000008006ae8       0x10 .pio/build/stm32/src/inputs.cpp.o
                0x0000000008006ae8                Input::Input(aJsonObject*, aJsonObject*)
                0x0000000008006ae8                Input::Input(aJsonObject*, aJsonObject*)
 .text._ZN5Input11changeStateEhs
                0x0000000008006af8      0x2fc .pio/build/stm32/src/inputs.cpp.o
                0x0000000008006af8                Input::changeState(unsigned char, short)
 .text._ZN5Input16onContactChangedEi
                0x0000000008006df4      0x1ac .pio/build/stm32/src/inputs.cpp.o
                0x0000000008006df4                Input::onContactChanged(int)
 .text._ZN5Input15onAnalogChangedE7itemCmd
                0x0000000008006fa0      0x118 .pio/build/stm32/src/inputs.cpp.o
                0x0000000008006fa0                Input::onAnalogChanged(itemCmd)
 .text._ZN9readCache16analogReadCachedEh
                0x00000000080070b8       0x26 .pio/build/stm32/src/inputs.cpp.o
                0x00000000080070b8                readCache::analogReadCached(unsigned char)
 *fill*         0x00000000080070de        0x2 
 .text._ZN5Input11contactPollEs
                0x00000000080070e0      0x3d8 .pio/build/stm32/src/inputs.cpp.o
                0x00000000080070e0                Input::contactPoll(short)
 .text._ZN5Input10analogPollEs
                0x00000000080074b8      0x1a0 .pio/build/stm32/src/inputs.cpp.o
                0x00000000080074b8                Input::analogPoll(short)
 .text._ZN5Input4PollEs
                0x0000000008007658       0x3c .pio/build/stm32/src/inputs.cpp.o
                0x0000000008007658                Input::Poll(short)
 .text._Z10cleanStoreP11aJsonObject
                0x0000000008007694       0x60 .pio/build/stm32/src/inputs.cpp.o
                0x0000000008007694                cleanStore(aJsonObject*)
 .text._ZN5Input5setupEv
                0x00000000080076f4       0x58 .pio/build/stm32/src/inputs.cpp.o
                0x00000000080076f4                Input::setup()
 .text._ZN9readCache20invalidateInputCacheEv
                0x000000000800774c        0x6 .pio/build/stm32/src/inputs.cpp.o
                0x000000000800774c                readCache::invalidateInputCache()
 *fill*         0x0000000008007752        0x2 
 .text.startup._GLOBAL__sub_I_inCache
                0x0000000008007754       0x24 .pio/build/stm32/src/inputs.cpp.o
 .text._Z11subitem2cmdPc
                0x0000000008007778       0xac .pio/build/stm32/src/item.cpp.o
                0x0000000008007778                subitem2cmd(char*)
 .text._Z11txt2subItemPc
                0x0000000008007824      0x108 .pio/build/stm32/src/item.cpp.o
                0x0000000008007824                txt2subItem(char*)
 .text._ZN4Item4StopEv
                0x000000000800792c        0xc .pio/build/stm32/src/item.cpp.o
                0x000000000800792c                Item::Stop()
 .text._ZN4ItemD2Ev
                0x0000000008007938       0x12 .pio/build/stm32/src/item.cpp.o
                0x0000000008007938                Item::~Item()
                0x0000000008007938                Item::~Item()
 *fill*         0x000000000800794a        0x2 
 .text._ZN4Item6getCmdEv
                0x000000000800794c       0x1c .pio/build/stm32/src/item.cpp.o
                0x000000000800794c                Item::getCmd()
 .text._ZN4Item6setCmdEh
                0x0000000008007968       0x58 .pio/build/stm32/src/item.cpp.o
                0x0000000008007968                Item::setCmd(unsigned char)
 .text._ZN4Item7getFlagEm
                0x00000000080079c0       0x30 .pio/build/stm32/src/item.cpp.o
                0x00000000080079c0                Item::getFlag(unsigned long)
 .text._ZN4Item7setFlagEm
                0x00000000080079f0       0x34 .pio/build/stm32/src/item.cpp.o
                0x00000000080079f0                Item::setFlag(unsigned long)
 .text._ZN4Item5SetupEv
                0x0000000008007a24       0x4a .pio/build/stm32/src/item.cpp.o
                0x0000000008007a24                Item::Setup()
 *fill*         0x0000000008007a6e        0x2 
 .text._ZN4Item9clearFlagEm
                0x0000000008007a70       0x30 .pio/build/stm32/src/item.cpp.o
                0x0000000008007a70                Item::clearFlag(unsigned long)
 .text._ZN4Item6getArgEs
                0x0000000008007aa0       0x40 .pio/build/stm32/src/item.cpp.o
                0x0000000008007aa0                Item::getArg(short)
 .text._ZN4Item11getFloatArgEs
                0x0000000008007ae0       0x6c .pio/build/stm32/src/item.cpp.o
                0x0000000008007ae0                Item::getFloatArg(short)
 .text._ZN4Item11getArgCountEv
                0x0000000008007b4c       0x2c .pio/build/stm32/src/item.cpp.o
                0x0000000008007b4c                Item::getArgCount()
 .text._ZN4Item10getSubtypeEv
                0x0000000008007b78       0x38 .pio/build/stm32/src/item.cpp.o
                0x0000000008007b78                Item::getSubtype()
 .text._ZN4Item6setValEl
                0x0000000008007bb0       0x36 .pio/build/stm32/src/item.cpp.o
                0x0000000008007bb0                Item::setVal(long)
 .text._ZN4Item11setFloatValEf
                0x0000000008007be6       0x36 .pio/build/stm32/src/item.cpp.o
                0x0000000008007be6                Item::setFloatVal(float)
 .text._ZN4Item10setSubtypeEh
                0x0000000008007c1c       0x1c .pio/build/stm32/src/item.cpp.o
                0x0000000008007c1c                Item::setSubtype(unsigned char)
 .text._ZN4Item6getExtEv
                0x0000000008007c38       0x30 .pio/build/stm32/src/item.cpp.o
                0x0000000008007c38                Item::getExt()
 .text._ZN4Item6setExtEl
                0x0000000008007c68       0x80 .pio/build/stm32/src/item.cpp.o
                0x0000000008007c68                Item::setExt(long)
 .text._ZN4Item7isValidEv
                0x0000000008007ce8       0x12 .pio/build/stm32/src/item.cpp.o
                0x0000000008007ce8                Item::isValid()
 *fill*         0x0000000008007cfa        0x2 
 .text._ZN4Item5ParseEv
                0x0000000008007cfc      0x104 .pio/build/stm32/src/item.cpp.o
                0x0000000008007cfc                Item::Parse()
 .text._ZN4ItemC2EP11aJsonObject
                0x0000000008007e00       0x16 .pio/build/stm32/src/item.cpp.o
                0x0000000008007e00                Item::Item(aJsonObject*)
                0x0000000008007e00                Item::Item(aJsonObject*)
 *fill*         0x0000000008007e16        0x2 
 .text._Z12retrieveCodePPc
                0x0000000008007e18       0x54 .pio/build/stm32/src/item.cpp.o
                0x0000000008007e18                retrieveCode(char**)
 .text._ZN4ItemC2EPc
                0x0000000008007e6c       0xb0 .pio/build/stm32/src/item.cpp.o
                0x0000000008007e6c                Item::Item(char*)
                0x0000000008007e6c                Item::Item(char*)
 .text._ZN4Item13limitSetValueEv
                0x0000000008007f1c       0x24 .pio/build/stm32/src/item.cpp.o
                0x0000000008007f1c                Item::limitSetValue()
 .text._ZN4Item11isScheduledEv
                0x0000000008007f40       0x20 .pio/build/stm32/src/item.cpp.o
                0x0000000008007f40                Item::isScheduled()
 .text._ZN4Item15scheduleCommandE7itemCmdb
                0x0000000008007f60      0x100 .pio/build/stm32/src/item.cpp.o
                0x0000000008007f60                Item::scheduleCommand(itemCmd, bool)
 .text._ZN4Item23scheduleOppositeCommandE7itemCmdbb
                0x0000000008008060      0x174 .pio/build/stm32/src/item.cpp.o
                0x0000000008008060                Item::scheduleOppositeCommand(itemCmd, bool, bool)
 .text._Z17printActiveStatusb
                0x00000000080081d4       0x1c .pio/build/stm32/src/item.cpp.o
                0x00000000080081d4                printActiveStatus(bool)
 .text._ZN4Item19SendStatusImmediateE7itemCmdiPc
                0x00000000080081f0      0x490 .pio/build/stm32/src/item.cpp.o
                0x00000000080081f0                Item::SendStatusImmediate(itemCmd, int, char*)
 .text._ZN4Item10SendStatusEi
                0x0000000008008680       0x80 .pio/build/stm32/src/item.cpp.o
                0x0000000008008680                Item::SendStatus(int)
 .text._ZN4Item17sendDelayedStatusEv
                0x0000000008008700       0x34 .pio/build/stm32/src/item.cpp.o
                0x0000000008008700                Item::sendDelayedStatus()
 .text._ZN4Item11getChanTypeEv
                0x0000000008008734       0x10 .pio/build/stm32/src/item.cpp.o
                0x0000000008008734                Item::getChanType()
 .text._ZN4Item4CtrlE7itemCmdPcbb
                0x0000000008008744      0xcf0 .pio/build/stm32/src/item.cpp.o
                0x0000000008008744                Item::Ctrl(itemCmd, char*, bool, bool)
 .text._ZN4Item4CtrlEPcS0_
                0x0000000008009434      0x2f4 .pio/build/stm32/src/item.cpp.o
                0x0000000008009434                Item::Ctrl(char*, char*)
 .text._Z8digGroupP11aJsonObjectP7itemCmdPcb
                0x0000000008009728       0xf8 .pio/build/stm32/src/item.cpp.o
                0x0000000008009728                digGroup(aJsonObject*, itemCmd*, char*, bool)
 .text._ZN4Item8isActiveEv
                0x0000000008009820      0x158 .pio/build/stm32/src/item.cpp.o
                0x0000000008009820                Item::isActive()
 .text._ZN4Item10checkRetryEv
                0x0000000008009978       0xbc .pio/build/stm32/src/item.cpp.o
                0x0000000008009978                Item::checkRetry()
 .text._ZN4Item4PollEi
                0x0000000008009a34      0x148 .pio/build/stm32/src/item.cpp.o
                0x0000000008009a34                Item::Poll(int)
 .text.startup._GLOBAL__sub_I_modbusBusy
                0x0000000008009b7c       0x1c .pio/build/stm32/src/item.cpp.o
 .text._Z7txt2cmdPc
                0x0000000008009b98       0x68 .pio/build/stm32/src/itemCmd.cpp.o
                0x0000000008009b98                txt2cmd(char*)
 .text._Z8type2numPc
                0x0000000008009c00       0x3c .pio/build/stm32/src/itemCmd.cpp.o
                0x0000000008009c00                type2num(char*)
 .text._ZN7itemCmdC2Ehh
                0x0000000008009c3c       0x1a .pio/build/stm32/src/itemCmd.cpp.o
                0x0000000008009c3c                itemCmd::itemCmd(unsigned char, unsigned char)
                0x0000000008009c3c                itemCmd::itemCmd(unsigned char, unsigned char)
 *fill*         0x0000000008009c56        0x2 
 .text._ZN7itemCmd11setChanTypeEs
                0x0000000008009c58       0x68 .pio/build/stm32/src/itemCmd.cpp.o
                0x0000000008009c58                itemCmd::setChanType(short)
 .text._ZN7itemCmd10setDefaultEv
                0x0000000008009cc0       0x54 .pio/build/stm32/src/itemCmd.cpp.o
                0x0000000008009cc0                itemCmd::setDefault()
 .text._ZN7itemCmd4setHEt
                0x0000000008009d14       0x34 .pio/build/stm32/src/itemCmd.cpp.o
                0x0000000008009d14                itemCmd::setH(unsigned short)
 .text._ZN7itemCmd4setSEh
                0x0000000008009d48       0x22 .pio/build/stm32/src/itemCmd.cpp.o
                0x0000000008009d48                itemCmd::setS(unsigned char)
 .text._ZN7itemCmd12setColorTempEi
                0x0000000008009d6a       0x5c .pio/build/stm32/src/itemCmd.cpp.o
                0x0000000008009d6a                itemCmd::setColorTemp(int)
 .text._ZN7itemCmd12getColorTempEv
                0x0000000008009dc6       0x34 .pio/build/stm32/src/itemCmd.cpp.o
                0x0000000008009dc6                itemCmd::getColorTemp()
 .text._ZN7itemCmd4getHEv
                0x0000000008009dfa        0xe .pio/build/stm32/src/itemCmd.cpp.o
                0x0000000008009dfa                itemCmd::getH()
 .text._ZN7itemCmd4getSEv
                0x0000000008009e08        0x4 .pio/build/stm32/src/itemCmd.cpp.o
                0x0000000008009e08                itemCmd::getS()
 .text._ZN7itemCmd17incrementPercentsEll
                0x0000000008009e0c       0xb0 .pio/build/stm32/src/itemCmd.cpp.o
                0x0000000008009e0c                itemCmd::incrementPercents(long, long)
 .text._ZN7itemCmd10incrementHEl
                0x0000000008009ebc       0x4a .pio/build/stm32/src/itemCmd.cpp.o
                0x0000000008009ebc                itemCmd::incrementH(long)
 .text._ZN7itemCmd10incrementSEl
                0x0000000008009f06       0x26 .pio/build/stm32/src/itemCmd.cpp.o
                0x0000000008009f06                itemCmd::incrementS(long)
 .text._ZN7itemCmd9isCommandEv
                0x0000000008009f2c        0xa .pio/build/stm32/src/itemCmd.cpp.o
                0x0000000008009f2c                itemCmd::isCommand()
 .text._ZN7itemCmd16isChannelCommandEv
                0x0000000008009f36       0x16 .pio/build/stm32/src/itemCmd.cpp.o
                0x0000000008009f36                itemCmd::isChannelCommand()
 .text._ZN7itemCmd7isValueEv
                0x0000000008009f4c        0xe .pio/build/stm32/src/itemCmd.cpp.o
                0x0000000008009f4c                itemCmd::isValue()
 .text._ZN7itemCmd7isColorEv
                0x0000000008009f5a       0x18 .pio/build/stm32/src/itemCmd.cpp.o
                0x0000000008009f5a                itemCmd::isColor()
 *fill*         0x0000000008009f72        0x2 
 .text._ZN7itemCmd11getTens_rawEv
                0x0000000008009f74       0x44 .pio/build/stm32/src/itemCmd.cpp.o
                0x0000000008009f74                itemCmd::getTens_raw()
 .text._ZN7itemCmd6getIntEv
                0x0000000008009fb8       0x3a .pio/build/stm32/src/itemCmd.cpp.o
                0x0000000008009fb8                itemCmd::getInt()
 .text._ZN7itemCmd8getFloatEv
                0x0000000008009ff2       0x3e .pio/build/stm32/src/itemCmd.cpp.o
                0x0000000008009ff2                itemCmd::getFloat()
 .text._ZN7itemCmd11getPercentsEb
                0x000000000800a030       0xe8 .pio/build/stm32/src/itemCmd.cpp.o
                0x000000000800a030                itemCmd::getPercents(bool)
 .text._ZN7itemCmd11setPercentsEi
                0x000000000800a118       0x72 .pio/build/stm32/src/itemCmd.cpp.o
                0x000000000800a118                itemCmd::setPercents(int)
 *fill*         0x000000000800a18a        0x2 
 .text._ZN7itemCmd14getPercents255Eb
                0x000000000800a18c       0xc8 .pio/build/stm32/src/itemCmd.cpp.o
                0x000000000800a18c                itemCmd::getPercents255(bool)
 .text._ZN7itemCmd6getCmdEv
                0x000000000800a254        0x4 .pio/build/stm32/src/itemCmd.cpp.o
                0x000000000800a254                itemCmd::getCmd()
 .text._ZN7itemCmd10getArgTypeEv
                0x000000000800a258        0x6 .pio/build/stm32/src/itemCmd.cpp.o
                0x000000000800a258                itemCmd::getArgType()
 .text._ZN7itemCmd10setArgTypeEh
                0x000000000800a25e       0x14 .pio/build/stm32/src/itemCmd.cpp.o
                0x000000000800a25e                itemCmd::setArgType(unsigned char)
 .text._ZN7itemCmd11Percents255Ei
                0x000000000800a272       0x26 .pio/build/stm32/src/itemCmd.cpp.o
                0x000000000800a272                itemCmd::Percents255(int)
 .text._ZN7itemCmd3IntEl
                0x000000000800a298       0x18 .pio/build/stm32/src/itemCmd.cpp.o
                0x000000000800a298                itemCmd::Int(long)
 .text._ZN7itemCmd5FloatEf
                0x000000000800a2b0       0x18 .pio/build/stm32/src/itemCmd.cpp.o
                0x000000000800a2b0                itemCmd::Float(float)
 .text._ZN7itemCmd4TensEl
                0x000000000800a2c8       0x1c .pio/build/stm32/src/itemCmd.cpp.o
                0x000000000800a2c8                itemCmd::Tens(long)
 .text._ZN7itemCmd8Tens_rawEl
                0x000000000800a2e4       0x18 .pio/build/stm32/src/itemCmd.cpp.o
                0x000000000800a2e4                itemCmd::Tens_raw(long)
 .text._ZN7itemCmd6HSV255Ethh
                0x000000000800a2fc       0x2e .pio/build/stm32/src/itemCmd.cpp.o
                0x000000000800a2fc                itemCmd::HSV255(unsigned short, unsigned char, unsigned char)
 .text._ZN7itemCmd2HSEth
                0x000000000800a32a       0x28 .pio/build/stm32/src/itemCmd.cpp.o
                0x000000000800a32a                itemCmd::HS(unsigned short, unsigned char)
 .text._ZN7itemCmd3RGBEhhh
                0x000000000800a352       0x20 .pio/build/stm32/src/itemCmd.cpp.o
                0x000000000800a352                itemCmd::RGB(unsigned char, unsigned char, unsigned char)
 .text._ZN7itemCmd4RGBWEhhhh
                0x000000000800a372       0x26 .pio/build/stm32/src/itemCmd.cpp.o
                0x000000000800a372                itemCmd::RGBW(unsigned char, unsigned char, unsigned char, unsigned char)
 .text._ZN7itemCmd3StrEPc
                0x000000000800a398       0x18 .pio/build/stm32/src/itemCmd.cpp.o
                0x000000000800a398                itemCmd::Str(char*)
 .text._ZN7itemCmd3CmdEh
                0x000000000800a3b0        0xc .pio/build/stm32/src/itemCmd.cpp.o
                0x000000000800a3b0                itemCmd::Cmd(unsigned char)
 .text._ZN7itemCmd9getSuffixEv
                0x000000000800a3bc        0x8 .pio/build/stm32/src/itemCmd.cpp.o
                0x000000000800a3bc                itemCmd::getSuffix()
 .text._ZN7itemCmd9setSuffixEh
                0x000000000800a3c4       0x14 .pio/build/stm32/src/itemCmd.cpp.o
                0x000000000800a3c4                itemCmd::setSuffix(unsigned char)
 .text._ZN7itemCmd8loadItemEP4Itemt
                0x000000000800a3d8       0x82 .pio/build/stm32/src/itemCmd.cpp.o
                0x000000000800a3d8                itemCmd::loadItem(Item*, unsigned short)
 .text._ZN7itemCmdC2EP4Item
                0x000000000800a45a       0x22 .pio/build/stm32/src/itemCmd.cpp.o
                0x000000000800a45a                itemCmd::itemCmd(Item*)
                0x000000000800a45a                itemCmd::itemCmd(Item*)
 .text._Z16replaceTypeToIntP11aJsonObject
                0x000000000800a47c       0x40 .pio/build/stm32/src/itemCmd.cpp.o
                0x000000000800a47c                replaceTypeToInt(aJsonObject*)
 .text._ZN7itemCmd8toStringEPciib
                0x000000000800a4bc      0x214 .pio/build/stm32/src/itemCmd.cpp.o
                0x000000000800a4bc                itemCmd::toString(char*, int, int, bool)
 .text._ZN7itemCmd8debugOutEv
                0x000000000800a6d0       0x60 .pio/build/stm32/src/itemCmd.cpp.o
                0x000000000800a6d0                itemCmd::debugOut()
 .text._ZN7itemCmd9convertToEh
                0x000000000800a730       0x94 .pio/build/stm32/src/itemCmd.cpp.o
                0x000000000800a730                itemCmd::convertTo(unsigned char)
 .text._ZN7itemCmd10assignFromES_s
                0x000000000800a7c4      0x5ac .pio/build/stm32/src/itemCmd.cpp.o
                0x000000000800a7c4                itemCmd::assignFrom(itemCmd, short)
 .text._ZN7itemCmd8saveItemEP4Itemt
                0x000000000800ad70       0xc0 .pio/build/stm32/src/itemCmd.cpp.o
                0x000000000800ad70                itemCmd::saveItem(Item*, unsigned short)
 .text._ZN7itemCmd11loadItemDefEP4Itemt
                0x000000000800ae30       0x58 .pio/build/stm32/src/itemCmd.cpp.o
                0x000000000800ae30                itemCmd::loadItemDef(Item*, unsigned short)
 .text._ZN7itemCmd8scale100Ev
                0x000000000800ae88       0x54 .pio/build/stm32/src/itemCmd.cpp.o
                0x000000000800ae88                itemCmd::scale100()
 .text.startup._GLOBAL__sub_I__Z7txt2cmdPc
                0x000000000800aedc       0x1c .pio/build/stm32/src/itemCmd.cpp.o
 .text.setup    0x000000000800aef8        0x4 .pio/build/stm32/src/lighthub.ino.cpp.o
                0x000000000800aef8                setup
 .text.loop     0x000000000800aefc        0x4 .pio/build/stm32/src/lighthub.ino.cpp.o
                0x000000000800aefc                loop
 .text.startup._GLOBAL__sub_I_setup
                0x000000000800af00       0x1c .pio/build/stm32/src/lighthub.ino.cpp.o
 .text._Z15cmdFunctionLoadiPPc
                0x000000000800af1c       0x10 .pio/build/stm32/src/main.cpp.o
                0x000000000800af1c                cmdFunctionLoad(int, char**)
 .text._Z17cmdFunctionRebootiPPc
                0x000000000800af2c       0x1c .pio/build/stm32/src/main.cpp.o
                0x000000000800af2c                cmdFunctionReboot(int, char**)
 .text._Z15cmdFunctionSaveiPPc
                0x000000000800af48       0xc8 .pio/build/stm32/src/main.cpp.o
                0x000000000800af48                cmdFunctionSave(int, char**)
 .text._Z19cmdFunctionLogleveliPPc
                0x000000000800b010       0x80 .pio/build/stm32/src/main.cpp.o
                0x000000000800b010                cmdFunctionLoglevel(int, char**)
 .text._Z13cmdFunctionIpiPPc
                0x000000000800b090       0xd4 .pio/build/stm32/src/main.cpp.o
                0x000000000800b090                cmdFunctionIp(int, char**)
 .text._Z14cmdFunctionPwdiPPc
                0x000000000800b164       0x28 .pio/build/stm32/src/main.cpp.o
                0x000000000800b164                cmdFunctionPwd(int, char**)
 .text._Z17cmdFunctionOTAPwdiPPc
                0x000000000800b18c       0x28 .pio/build/stm32/src/main.cpp.o
                0x000000000800b18c                cmdFunctionOTAPwd(int, char**)
 .text._Z15cmdFunctionKilliPPc
                0x000000000800b1b4       0x2c .pio/build/stm32/src/main.cpp.o
                0x000000000800b1b4                cmdFunctionKill(int, char**)
 .text._Z22cmdFunctionClearEEPROMiPPc
                0x000000000800b1e0       0x3c .pio/build/stm32/src/main.cpp.o
                0x000000000800b1e0                cmdFunctionClearEEPROM(int, char**)
 .text._Z20isNotRetainingStatusv
                0x000000000800b21c       0x14 .pio/build/stm32/src/main.cpp.o
                0x000000000800b21c                isNotRetainingStatus()
 .text._Z7inTopicPc9topicType
                0x000000000800b230       0x30 .pio/build/stm32/src/main.cpp.o
                0x000000000800b230                inTopic(char*, topicType)
 .text._Z12mqttCallbackPcPhj
                0x000000000800b260      0x204 .pio/build/stm32/src/main.cpp.o
                0x000000000800b260                mqttCallback(char*, unsigned char*, unsigned int)
 .text._Z15printMACAddressv
                0x000000000800b464       0x74 .pio/build/stm32/src/main.cpp.o
                0x000000000800b464                printMACAddress()
 .text._Z17cmdFunctionSetMaciPPc
                0x000000000800b4d8       0x7c .pio/build/stm32/src/main.cpp.o
                0x000000000800b4d8                cmdFunctionSetMac(int, char**)
 .text._Z19getStringFromConfigP11aJsonObjecti
                0x000000000800b554       0x34 .pio/build/stm32/src/main.cpp.o
                0x000000000800b554                getStringFromConfig(aJsonObject*, int)
 .text._Z13onMQTTConnectv
                0x000000000800b588       0xcc .pio/build/stm32/src/main.cpp.o
                0x000000000800b588                onMQTTConnect()
 .text._Z43ip_ready_config_loaded_connecting_to_brokerv
                0x000000000800b654      0x2cc .pio/build/stm32/src/main.cpp.o
                0x000000000800b654                ip_ready_config_loaded_connecting_to_broker()
 .text._Z21onInitialStateInitLANv
                0x000000000800b920      0x224 .pio/build/stm32/src/main.cpp.o
                0x000000000800b920                onInitialStateInitLAN()
 .text._Z20printCurentLanConfigv
                0x000000000800bb44       0x54 .pio/build/stm32/src/main.cpp.o
                0x000000000800bb44                printCurentLanConfig()
 .text._Z9printBoolb
                0x000000000800bb98       0x1c .pio/build/stm32/src/main.cpp.o
                0x000000000800bb98                printBool(bool)
 .text._Z18printConfigSummaryv
                0x000000000800bbb4       0x98 .pio/build/stm32/src/main.cpp.o
                0x000000000800bbb4                printConfigSummary()
 .text._Z17attachMaturaTimerv
                0x000000000800bc4c        0x4 .pio/build/stm32/src/main.cpp.o
                0x000000000800bc4c                attachMaturaTimer()
 .text._Z35printFirmwareVersionAndBuildOptionsv
                0x000000000800bc50      0x180 .pio/build/stm32/src/main.cpp.o
                0x000000000800bc50                printFirmwareVersionAndBuildOptions()
 .text._Z15cmdFunctionHelpiPPc
                0x000000000800bdd0       0x20 .pio/build/stm32/src/main.cpp.o
                0x000000000800bdd0                cmdFunctionHelp(int, char**)
 .text._Z11publishStatv
                0x000000000800bdf0       0xe8 .pio/build/stm32/src/main.cpp.o
                0x000000000800bdf0                publishStat()
 .text._Z15setupMacAddressv
                0x000000000800bed8       0x40 .pio/build/stm32/src/main.cpp.o
                0x000000000800bed8                setupMacAddress()
 .text._Z15setupCmdArduinov
                0x000000000800bf18       0xdc .pio/build/stm32/src/main.cpp.o
                0x000000000800bf18                setupCmdArduino()
 .text._Z9inputLoops
                0x000000000800bff4       0xf4 .pio/build/stm32/src/main.cpp.o
                0x000000000800bff4                inputLoop(short)
 .text._Z16inputSensorsLoopv
                0x000000000800c0e8       0x8c .pio/build/stm32/src/main.cpp.o
                0x000000000800c0e8                inputSensorsLoop()
 .text._Z10inputSetupv
                0x000000000800c174       0x50 .pio/build/stm32/src/main.cpp.o
                0x000000000800c174                inputSetup()
 .text._Z11applyConfigv
                0x000000000800c1c4      0x288 .pio/build/stm32/src/main.cpp.o
                0x000000000800c1c4                applyConfig()
 .text._Z11pollingLoopv
                0x000000000800c44c      0x108 .pio/build/stm32/src/main.cpp.o
                0x000000000800c44c                pollingLoop()
 .text._Z11thermoRelayi10heaterMode
                0x000000000800c554       0x88 .pio/build/stm32/src/main.cpp.o
                0x000000000800c554                thermoRelay(int, heaterMode)
 .text._Z10thermoLoopv
                0x000000000800c5dc      0x284 .pio/build/stm32/src/main.cpp.o
                0x000000000800c5dc                thermoLoop()
 .text._Z9cleanConfb
                0x000000000800c860      0x1d0 .pio/build/stm32/src/main.cpp.o
                0x000000000800c860                cleanConf(bool)
 .text._Z20loadConfigFromEEPROMv
                0x000000000800ca30      0x144 .pio/build/stm32/src/main.cpp.o
                0x000000000800ca30                loadConfigFromEEPROM()
 .text._Z10setup_mainv
                0x000000000800cb74       0x9c .pio/build/stm32/src/main.cpp.o
                0x000000000800cb74                setup_main()
 .text._Z18loadConfigFromHttpv
                0x000000000800cc10      0x2f4 .pio/build/stm32/src/main.cpp.o
                0x000000000800cc10                loadConfigFromHttp()
 .text._Z7lanLoopv
                0x000000000800cf04      0x2b0 .pio/build/stm32/src/main.cpp.o
                0x000000000800cf04                lanLoop()
 .text._Z14cmdFunctionGetiPPc
                0x000000000800d1b4      0x100 .pio/build/stm32/src/main.cpp.o
                0x000000000800d1b4                cmdFunctionGet(int, char**)
 .text._Z9loop_mainv
                0x000000000800d2b4       0x60 .pio/build/stm32/src/main.cpp.o
                0x000000000800d2b4                loop_main()
 .text.startup._GLOBAL__sub_I_debugSerial
                0x000000000800d314       0xb8 .pio/build/stm32/src/main.cpp.o
 .text.exit._GLOBAL__sub_D_debugSerial
                0x000000000800d3cc       0x1c .pio/build/stm32/src/main.cpp.o
 .text.startup._GLOBAL__sub_I_in_ccs811_hdc1080.cpp
                0x000000000800d3e8       0x1c .pio/build/stm32/src/modules/in_ccs811_hdc1080.cpp.o
 .text._ZN9out_Motor21getDefaultStorageTypeEv
                0x000000000800d404        0x4 .pio/build/stm32/src/modules/out_motor.cpp.o
                0x000000000800d404                out_Motor::getDefaultStorageType()
 .text._ZN9out_Motor11getChanTypeEv
                0x000000000800d408        0x4 .pio/build/stm32/src/modules/out_motor.cpp.o